Archive member included because of file (symbol)

c:/freescale/kds_v3/toolchain/bin/../lib/gcc/arm-none-eabi/4.8.4/../../../../arm-none-eabi/lib/armv7e-m/fpu\libg_s.a(lib_a-errno.o)
                              ./utilities/fsl_sbrk.o (symbol from plugin) (__errno)
c:/freescale/kds_v3/toolchain/bin/../lib/gcc/arm-none-eabi/4.8.4/../../../../arm-none-eabi/lib/armv7e-m/fpu\libg_s.a(lib_a-exit.o)
                              c:/freescale/kds_v3/toolchain/bin/../lib/gcc/arm-none-eabi/4.8.4/../../../../arm-none-eabi/lib/armv7e-m/fpu/crt0.o (exit)
c:/freescale/kds_v3/toolchain/bin/../lib/gcc/arm-none-eabi/4.8.4/../../../../arm-none-eabi/lib/armv7e-m/fpu\libg_s.a(lib_a-impure.o)
                              c:/freescale/kds_v3/toolchain/bin/../lib/gcc/arm-none-eabi/4.8.4/../../../../arm-none-eabi/lib/armv7e-m/fpu\libg_s.a(lib_a-exit.o) (_global_impure_ptr)
c:/freescale/kds_v3/toolchain/bin/../lib/gcc/arm-none-eabi/4.8.4/../../../../arm-none-eabi/lib/armv7e-m/fpu\libg_s.a(lib_a-init.o)
                              c:/freescale/kds_v3/toolchain/bin/../lib/gcc/arm-none-eabi/4.8.4/../../../../arm-none-eabi/lib/armv7e-m/fpu/crt0.o (__libc_init_array)
c:/freescale/kds_v3/toolchain/bin/../lib/gcc/arm-none-eabi/4.8.4/../../../../arm-none-eabi/lib/armv7e-m/fpu\libg_s.a(lib_a-memset.o)
                              c:/freescale/kds_v3/toolchain/bin/../lib/gcc/arm-none-eabi/4.8.4/../../../../arm-none-eabi/lib/armv7e-m/fpu/crt0.o (memset)
c:/freescale/kds_v3/toolchain/bin/../lib/gcc/arm-none-eabi/4.8.4/../../../../arm-none-eabi/lib/armv7e-m/fpu\libnosys.a(_exit.o)
                              c:/freescale/kds_v3/toolchain/bin/../lib/gcc/arm-none-eabi/4.8.4/../../../../arm-none-eabi/lib/armv7e-m/fpu\libg_s.a(lib_a-exit.o) (_exit)
c:/freescale/kds_v3/toolchain/bin/../lib/gcc/arm-none-eabi/4.8.4/../../../../arm-none-eabi/lib/armv7e-m/fpu\libg_s.a(lib_a-memcpy-stub.o)
                              C:\Users\jlpe\AppData\Local\Temp\ccSnTr1Y.ltrans10.ltrans.o (memcpy)
c:/freescale/kds_v3/toolchain/bin/../lib/gcc/arm-none-eabi/4.8.4/../../../../arm-none-eabi/lib/armv7e-m/fpu\libg_s.a(lib_a-memmove.o)
                              C:\Users\jlpe\AppData\Local\Temp\ccSnTr1Y.ltrans25.ltrans.o (memmove)
c:/freescale/kds_v3/toolchain/bin/../lib/gcc/arm-none-eabi/4.8.4/../../../../arm-none-eabi/lib/armv7e-m/fpu\libg_s.a(lib_a-strlen.o)
                              C:\Users\jlpe\AppData\Local\Temp\ccSnTr1Y.ltrans25.ltrans.o (strlen)

Discarded input sections

 .text          0x00000000        0x0 c:/freescale/kds_v3/toolchain/bin/../lib/gcc/arm-none-eabi/4.8.4/armv7e-m/fpu/crti.o
 .data          0x00000000        0x0 c:/freescale/kds_v3/toolchain/bin/../lib/gcc/arm-none-eabi/4.8.4/armv7e-m/fpu/crti.o
 .bss           0x00000000        0x0 c:/freescale/kds_v3/toolchain/bin/../lib/gcc/arm-none-eabi/4.8.4/armv7e-m/fpu/crti.o
 .data          0x00000000        0x4 c:/freescale/kds_v3/toolchain/bin/../lib/gcc/arm-none-eabi/4.8.4/armv7e-m/fpu/crtbegin.o
 .data          0x00000000        0x0 c:/freescale/kds_v3/toolchain/bin/../lib/gcc/arm-none-eabi/4.8.4/../../../../arm-none-eabi/lib/armv7e-m/fpu/crt0.o
 .bss           0x00000000        0x0 c:/freescale/kds_v3/toolchain/bin/../lib/gcc/arm-none-eabi/4.8.4/../../../../arm-none-eabi/lib/armv7e-m/fpu/crt0.o
 .ARM.extab     0x00000000        0x0 c:/freescale/kds_v3/toolchain/bin/../lib/gcc/arm-none-eabi/4.8.4/../../../../arm-none-eabi/lib/armv7e-m/fpu/crt0.o
 .text          0x00000000        0x0 ./utilities/fsl_debug_console.o (symbol from plugin)
 .text          0x00000000        0x0 C:\Users\jlpe\AppData\Local\Temp\ccSnTr1Y.ltrans0.ltrans.o
 .data          0x00000000        0x0 C:\Users\jlpe\AppData\Local\Temp\ccSnTr1Y.ltrans0.ltrans.o
 .bss           0x00000000        0x0 C:\Users\jlpe\AppData\Local\Temp\ccSnTr1Y.ltrans0.ltrans.o
 .bss.heap_end.4721.4267
                0x00000000        0x4 C:\Users\jlpe\AppData\Local\Temp\ccSnTr1Y.ltrans0.ltrans.o
 .rodata.xHelpCommand.4376
                0x00000000       0x10 C:\Users\jlpe\AppData\Local\Temp\ccSnTr1Y.ltrans0.ltrans.o
 .rodata.xExitCommand.4377
                0x00000000       0x10 C:\Users\jlpe\AppData\Local\Temp\ccSnTr1Y.ltrans0.ltrans.o
 .bss.g_RegisteredCommands.4367
                0x00000000       0x1c C:\Users\jlpe\AppData\Local\Temp\ccSnTr1Y.ltrans0.ltrans.o
 .bss.g_paramBuffer.4372
                0x00000000       0x40 C:\Users\jlpe\AppData\Local\Temp\ccSnTr1Y.ltrans0.ltrans.o
 .rodata.__func__.6604.4375
                0x00000000        0xc C:\Users\jlpe\AppData\Local\Temp\ccSnTr1Y.ltrans0.ltrans.o
 .bss.tmpCommand.6646.4373
                0x00000000        0x4 C:\Users\jlpe\AppData\Local\Temp\ccSnTr1Y.ltrans0.ltrans.o
 .bss.tmpCommandString.6647.4374
                0x00000000        0x4 C:\Users\jlpe\AppData\Local\Temp\ccSnTr1Y.ltrans0.ltrans.o
 .data.pTextForTaskRed.7605
                0x00000000        0x4 C:\Users\jlpe\AppData\Local\Temp\ccSnTr1Y.ltrans0.ltrans.o
 .rodata.xHeapStructSize.4589.7602
[...]
Memory Configuration

Name             Origin             Length             Attributes
m_interrupts     0x00000000         0x00000400         xr
m_flash_config   0x00000400         0x00000010         xr
m_text           0x00000410         0x000ffbf0         xr
m_data           0x1fff0000         0x00010000         rw
m_data_2         0x20000000         0x00030000         rw
*default*        0x00000000         0xffffffff

Linker script and memory map

LOAD c:/freescale/kds_v3/toolchain/bin/../lib/gcc/arm-none-eabi/4.8.4/armv7e-m/fpu/crti.o
LOAD c:/freescale/kds_v3/toolchain/bin/../lib/gcc/arm-none-eabi/4.8.4/armv7e-m/fpu/crtbegin.o
LOAD c:/freescale/kds_v3/toolchain/bin/../lib/gcc/arm-none-eabi/4.8.4/../../../../arm-none-eabi/lib/armv7e-m/fpu/crt0.o
LOAD ./utilities/fsl_debug_console.o
LOAD C:\Users\jlpe\AppData\Local\Temp\ccSnTr1Y.ltrans0.ltrans.o
LOAD C:\Users\jlpe\AppData\Local\Temp\ccSnTr1Y.ltrans1.ltrans.o
LOAD C:\Users\jlpe\AppData\Local\Temp\ccSnTr1Y.ltrans2.ltrans.o
LOAD C:\Users\jlpe\AppData\Local\Temp\ccSnTr1Y.ltrans3.ltrans.o
LOAD C:\Users\jlpe\AppData\Local\Temp\ccSnTr1Y.ltrans4.ltrans.o
LOAD C:\Users\jlpe\AppData\Local\Temp\ccSnTr1Y.ltrans5.ltrans.o
LOAD C:\Users\jlpe\AppData\Local\Temp\ccSnTr1Y.ltrans6.ltrans.o
LOAD C:\Users\jlpe\AppData\Local\Temp\ccSnTr1Y.ltrans7.ltrans.o
LOAD C:\Users\jlpe\AppData\Local\Temp\ccSnTr1Y.ltrans8.ltrans.o
LOAD C:\Users\jlpe\AppData\Local\Temp\ccSnTr1Y.ltrans9.ltrans.o
LOAD C:\Users\jlpe\AppData\Local\Temp\ccSnTr1Y.ltrans10.ltrans.o
LOAD C:\Users\jlpe\AppData\Local\Temp\ccSnTr1Y.ltrans11.ltrans.o
LOAD C:\Users\jlpe\AppData\Local\Temp\ccSnTr1Y.ltrans12.ltrans.o
LOAD C:\Users\jlpe\AppData\Local\Temp\ccSnTr1Y.ltrans13.ltrans.o
LOAD C:\Users\jlpe\AppData\Local\Temp\ccSnTr1Y.ltrans14.ltrans.o
LOAD C:\Users\jlpe\AppData\Local\Temp\ccSnTr1Y.ltrans15.ltrans.o
LOAD C:\Users\jlpe\AppData\Local\Temp\ccSnTr1Y.ltrans16.ltrans.o
LOAD C:\Users\jlpe\AppData\Local\Temp\ccSnTr1Y.ltrans17.ltrans.o
LOAD C:\Users\jlpe\AppData\Local\Temp\ccSnTr1Y.ltrans18.ltrans.o
LOAD C:\Users\jlpe\AppData\Local\Temp\ccSnTr1Y.ltrans19.ltrans.o
LOAD C:\Users\jlpe\AppData\Local\Temp\ccSnTr1Y.ltrans20.ltrans.o
LOAD C:\Users\jlpe\AppData\Local\Temp\ccSnTr1Y.ltrans21.ltrans.o
LOAD C:\Users\jlpe\AppData\Local\Temp\ccSnTr1Y.ltrans22.ltrans.o
LOAD C:\Users\jlpe\AppData\Local\Temp\ccSnTr1Y.ltrans23.ltrans.o
LOAD C:\Users\jlpe\AppData\Local\Temp\ccSnTr1Y.ltrans24.ltrans.o
LOAD C:\Users\jlpe\AppData\Local\Temp\ccSnTr1Y.ltrans25.ltrans.o
LOAD c:/freescale/kds_v3/toolchain/bin/../lib/gcc/arm-none-eabi/4.8.4/armv7e-m/fpu\libgcc.a
LOAD c:/freescale/kds_v3/toolchain/bin/../lib/gcc/arm-none-eabi/4.8.4/../../../../arm-none-eabi/lib/armv7e-m/fpu\libg_s.a
LOAD c:/freescale/kds_v3/toolchain/bin/../lib/gcc/arm-none-eabi/4.8.4/../../../../arm-none-eabi/lib/armv7e-m/fpu\libc_s.a
LOAD c:/freescale/kds_v3/toolchain/bin/../lib/gcc/arm-none-eabi/4.8.4/armv7e-m/fpu\libgcc.a
LOAD c:/freescale/kds_v3/toolchain/bin/../lib/gcc/arm-none-eabi/4.8.4/../../../../arm-none-eabi/lib/armv7e-m/fpu\libc_s.a
LOAD c:/freescale/kds_v3/toolchain/bin/../lib/gcc/arm-none-eabi/4.8.4/../../../../arm-none-eabi/lib/armv7e-m/fpu\libnosys.a
LOAD c:/freescale/kds_v3/toolchain/bin/../lib/gcc/arm-none-eabi/4.8.4/armv7e-m/fpu\libgcc.a
LOAD c:/freescale/kds_v3/toolchain/bin/../lib/gcc/arm-none-eabi/4.8.4/../../../../arm-none-eabi/lib/armv7e-m/fpu\libc_s.a
LOAD c:/freescale/kds_v3/toolchain/bin/../lib/gcc/arm-none-eabi/4.8.4/../../../../arm-none-eabi/lib/armv7e-m/fpu\libnosys.a
LOAD ./utilities/fsl_notifier.o
LOAD ./utilities/fsl_sbrk.o
LOAD ./utilities/fsl_shell.o
LOAD ./startup/startup_MK64F12.o
LOAD ./startup/system_MK64F12.o
LOAD ./source/main.o
LOAD ./source/user.o
LOAD ./freertos/Source/portable/MemMang/heap_4.o
LOAD ./freertos/Source/portable/GCC/ARM_CM4F/fsl_tickless_lptmr.o
LOAD ./freertos/Source/portable/GCC/ARM_CM4F/fsl_tickless_systick.o
LOAD ./freertos/Source/portable/GCC/ARM_CM4F/port.o
LOAD ./freertos/Source/croutine.o
LOAD ./freertos/Source/event_groups.o
LOAD ./freertos/Source/list.o
LOAD ./freertos/Source/queue.o
LOAD ./freertos/Source/tasks.o
LOAD ./freertos/Source/timers.o
LOAD ./drivers/fsl_adc16.o
LOAD ./drivers/fsl_clock.o
LOAD ./drivers/fsl_cmp.o
LOAD ./drivers/fsl_cmt.o
LOAD ./drivers/fsl_common.o
LOAD ./drivers/fsl_crc.o
LOAD ./drivers/fsl_dac.o
LOAD ./drivers/fsl_dmamux.o
LOAD ./drivers/fsl_dspi.o
LOAD ./drivers/fsl_dspi_edma.o
LOAD ./drivers/fsl_dspi_freertos.o
LOAD ./drivers/fsl_edma.o
LOAD ./drivers/fsl_enet.o
LOAD ./drivers/fsl_ewm.o
LOAD ./drivers/fsl_flash.o
LOAD ./drivers/fsl_flexbus.o
LOAD ./drivers/fsl_flexcan.o
LOAD ./drivers/fsl_ftm.o
LOAD ./drivers/fsl_gpio.o
LOAD ./drivers/fsl_i2c.o
LOAD ./drivers/fsl_i2c_edma.o
LOAD ./drivers/fsl_i2c_freertos.o
LOAD ./drivers/fsl_llwu.o
LOAD ./drivers/fsl_lptmr.o
LOAD ./drivers/fsl_mpu.o
LOAD ./drivers/fsl_pdb.o
LOAD ./drivers/fsl_pit.o
LOAD ./drivers/fsl_pmc.o
LOAD ./drivers/fsl_rcm.o
LOAD ./drivers/fsl_rnga.o
LOAD ./drivers/fsl_rtc.o
LOAD ./drivers/fsl_sai.o
LOAD ./drivers/fsl_sai_edma.o
LOAD ./drivers/fsl_sdhc.o
LOAD ./drivers/fsl_sim.o
LOAD ./drivers/fsl_smc.o
LOAD ./drivers/fsl_uart.o
LOAD ./drivers/fsl_uart_edma.o
LOAD ./drivers/fsl_uart_freertos.o
LOAD ./drivers/fsl_vref.o
LOAD ./drivers/fsl_wdog.o
LOAD ./board/board.o
LOAD ./board/clock_config.o
LOAD ./board/pin_mux.o
LOAD c:/freescale/kds_v3/toolchain/bin/../lib/gcc/arm-none-eabi/4.8.4/../../../../arm-none-eabi/lib/armv7e-m/fpu\libstdc++_s.a
LOAD c:/freescale/kds_v3/toolchain/bin/../lib/gcc/arm-none-eabi/4.8.4/../../../../arm-none-eabi/lib/armv7e-m/fpu\libm.a
START GROUP
LOAD c:/freescale/kds_v3/toolchain/bin/../lib/gcc/arm-none-eabi/4.8.4/armv7e-m/fpu\libgcc.a
LOAD c:/freescale/kds_v3/toolchain/bin/../lib/gcc/arm-none-eabi/4.8.4/../../../../arm-none-eabi/lib/armv7e-m/fpu\libg_s.a
LOAD c:/freescale/kds_v3/toolchain/bin/../lib/gcc/arm-none-eabi/4.8.4/../../../../arm-none-eabi/lib/armv7e-m/fpu\libc_s.a
END GROUP
START GROUP
LOAD c:/freescale/kds_v3/toolchain/bin/../lib/gcc/arm-none-eabi/4.8.4/armv7e-m/fpu\libgcc.a
LOAD c:/freescale/kds_v3/toolchain/bin/../lib/gcc/arm-none-eabi/4.8.4/../../../../arm-none-eabi/lib/armv7e-m/fpu\libc_s.a
LOAD c:/freescale/kds_v3/toolchain/bin/../lib/gcc/arm-none-eabi/4.8.4/../../../../arm-none-eabi/lib/armv7e-m/fpu\libnosys.a
END GROUP
START GROUP
LOAD c:/freescale/kds_v3/toolchain/bin/../lib/gcc/arm-none-eabi/4.8.4/armv7e-m/fpu\libgcc.a
LOAD c:/freescale/kds_v3/toolchain/bin/../lib/gcc/arm-none-eabi/4.8.4/../../../../arm-none-eabi/lib/armv7e-m/fpu\libc_s.a
LOAD c:/freescale/kds_v3/toolchain/bin/../lib/gcc/arm-none-eabi/4.8.4/../../../../arm-none-eabi/lib/armv7e-m/fpu\libnosys.a
END GROUP
LOAD c:/freescale/kds_v3/toolchain/bin/../lib/gcc/arm-none-eabi/4.8.4/armv7e-m/fpu/crtend.o
LOAD c:/freescale/kds_v3/toolchain/bin/../lib/gcc/arm-none-eabi/4.8.4/armv7e-m/fpu/crtn.o
                0x00000400                HEAP_SIZE = DEFINED (__heap_size__)?__heap_size__:0x400
                0x00000400                STACK_SIZE = DEFINED (__stack_size__)?__stack_size__:0x400
                0x00000000                M_VECTOR_RAM_SIZE = DEFINED (__ram_vector_table__)?0x400:0x0

.interrupts     0x00000000      0x400
                0x00000000                __VECTOR_TABLE = .
                0x00000000                . = ALIGN (0x4)
 *(.isr_vector)
 .isr_vector    0x00000000      0x400 ./startup/startup_MK64F12.o
                0x00000000                __isr_vector
                0x00000400                . = ALIGN (0x4)

.flash_config   0x00000400       0x10
                0x00000400                . = ALIGN (0x4)
 *(.FlashConfig)
 .FlashConfig   0x00000400       0x10 ./startup/startup_MK64F12.o
                0x00000410                . = ALIGN (0x4)

.text           0x00000410     0x5aa0
                0x00000410                . = ALIGN (0x4)
 *(.text)
 .text          0x00000410       0x54 c:/freescale/kds_v3/toolchain/bin/../lib/gcc/arm-none-eabi/4.8.4/armv7e-m/fpu/crtbegin.o
 .text          0x00000464       0x74 c:/freescale/kds_v3/toolchain/bin/../lib/gcc/arm-none-eabi/4.8.4/../../../../arm-none-eabi/lib/armv7e-m/fpu/crt0.o
                0x00000464                _start
                0x00000464                _mainCRTStartup
 .text          0x000004d8      0x1e4 ./startup/startup_MK64F12.o
                0x000004d8                Reset_Handler
                0x0000051c                DebugMon_Handler
                0x0000051c                PORTC_IRQHandler
                0x0000051c                USB0_IRQHandler
                0x0000051c                DMA_Error_DriverIRQHandler
                0x0000051c                CMP0_IRQHandler
                0x0000051c                Read_Collision_IRQHandler
                0x0000051c                ENET_Transmit_DriverIRQHandler
                0x0000051c                UART1_ERR_DriverIRQHandler
                0x0000051c                BusFault_Handler
                0x0000051c                LPTMR0_IRQHandler
                0x0000051c                PIT0_IRQHandler
                0x0000051c                FTM2_IRQHandler
                0x0000051c                CMP2_IRQHandler
                0x0000051c                LLWU_IRQHandler
                0x0000051c                PORTE_IRQHandler
                0x0000051c                FTM3_IRQHandler
                0x0000051c                ENET_1588_Timer_DriverIRQHandler
                0x0000051c                SWI_IRQHandler
                0x0000051c                ADC0_IRQHandler
                0x0000051c                UsageFault_Handler
                0x0000051c                MCM_IRQHandler
                0x0000051c                CMT_IRQHandler
                0x0000051c                DAC1_IRQHandler
                0x0000051c                PORTA_IRQHandler
                0x0000051c                DefaultISR
                0x0000051c                FTM0_IRQHandler
                0x0000051c                UART5_ERR_DriverIRQHandler
                0x0000051c                LVD_LVW_IRQHandler
                0x0000051c                CMP1_IRQHandler
                0x0000051c                Reserved71_IRQHandler
                0x0000051c                PORTD_IRQHandler
                0x0000051c                PORTB_IRQHandler
                0x0000051c                PIT1_IRQHandler
                0x0000051c                UART2_ERR_DriverIRQHandler
                0x0000051c                ADC1_IRQHandler
                0x0000051c                ENET_Error_DriverIRQHandler
                0x0000051c                PIT2_IRQHandler
                0x0000051c                DAC0_IRQHandler
                0x0000051c                ENET_Receive_DriverIRQHandler
                0x0000051c                RTC_IRQHandler
                0x0000051c                UART3_ERR_DriverIRQHandler
                0x0000051c                PDB0_IRQHandler
                0x0000051c                FTFE_IRQHandler
                0x0000051c                FTM1_IRQHandler
                0x0000051c                UART4_ERR_DriverIRQHandler
                0x0000051c                RNG_IRQHandler
                0x0000051c                PIT3_IRQHandler
                0x0000051c                UART0_LON_DriverIRQHandler
                0x0000051c                RTC_Seconds_IRQHandler
                0x0000051c                MCG_IRQHandler
                0x0000051c                WDOG_EWM_IRQHandler
                0x0000051c                UART0_ERR_DriverIRQHandler
                0x0000051c                MemManage_Handler
                0x0000051c                USBDCD_IRQHandler
                0x00000520                NMI_Handler
                0x00000524                HardFault_Handler
                0x00000534                DMA0_IRQHandler
                0x00000538                DMA1_IRQHandler
                0x0000053c                DMA2_IRQHandler
                0x00000540                DMA3_IRQHandler
                0x00000544                DMA4_IRQHandler
                0x00000548                DMA5_IRQHandler
                0x0000054c                DMA6_IRQHandler
                0x00000550                DMA7_IRQHandler
                0x00000554                DMA8_IRQHandler
                0x00000558                DMA9_IRQHandler
                0x0000055c                DMA10_IRQHandler
                0x00000560                DMA11_IRQHandler
                0x00000564                DMA12_IRQHandler
                0x00000568                DMA13_IRQHandler
                0x0000056c                DMA14_IRQHandler
                0x00000570                DMA15_IRQHandler
                0x00000574                DMA_Error_IRQHandler
                0x00000578                I2C0_IRQHandler
                0x0000057c                I2C1_IRQHandler
                0x00000580                SPI0_IRQHandler
                0x00000584                SPI1_IRQHandler
                0x00000588                I2S0_Tx_IRQHandler
                0x0000058c                I2S0_Rx_IRQHandler
                0x00000590                UART0_LON_IRQHandler
                0x00000594                UART0_RX_TX_IRQHandler
                0x00000598                UART0_ERR_IRQHandler
                0x0000059c                UART1_RX_TX_IRQHandler
                0x000005a0                UART1_ERR_IRQHandler
                0x000005a4                UART2_RX_TX_IRQHandler
                0x000005a8                UART2_ERR_IRQHandler
                0x000005ac                UART3_RX_TX_IRQHandler
                0x000005b0                UART3_ERR_IRQHandler
                0x000005b4                SPI2_IRQHandler
                0x000005b8                UART4_RX_TX_IRQHandler
                0x000005bc                UART4_ERR_IRQHandler
                0x000005c0                UART5_RX_TX_IRQHandler
                0x000005c4                UART5_ERR_IRQHandler
                0x000005c8                I2C2_IRQHandler
                0x000005cc                CAN0_ORed_Message_buffer_IRQHandler
                0x000005d0                CAN0_Bus_Off_IRQHandler
                0x000005d4                CAN0_Error_IRQHandler
                0x000005d8                CAN0_Tx_Warning_IRQHandler
                0x000005dc                CAN0_Rx_Warning_IRQHandler
                0x000005e0                CAN0_Wake_Up_IRQHandler
                0x000005e4                SDHC_IRQHandler
                0x000005e8                ENET_1588_Timer_IRQHandler
 *(.text*)
 .text.BOARD_InitDebugConsole
                0x000006bc       0x24 C:\Users\jlpe\AppData\Local\Temp\ccSnTr1Y.ltrans0.ltrans.o
                0x000006bc                BOARD_InitDebugConsole
 .text.CLOCK_SetSimSafeDivs.13121.4091
                0x000006e0       0x20 C:\Users\jlpe\AppData\Local\Temp\ccSnTr1Y.ltrans0.ltrans.o
 .text.CLOCK_SetXtal0Freq.13124.4088
                0x00000700       0x1c C:\Users\jlpe\AppData\Local\Temp\ccSnTr1Y.ltrans0.ltrans.o
 .text.BOARD_BootClockRUN
                0x0000071c       0x64 C:\Users\jlpe\AppData\Local\Temp\ccSnTr1Y.ltrans0.ltrans.o
                0x0000071c                BOARD_BootClockRUN
 .text.BOARD_InitOsc0.4065
                0x00000780       0x30 C:\Users\jlpe\AppData\Local\Temp\ccSnTr1Y.ltrans0.ltrans.o
 .text.CLOCK_EnableClock.13228.4059
                0x000007b0       0x34 C:\Users\jlpe\AppData\Local\Temp\ccSnTr1Y.ltrans0.ltrans.o
 .text.PORT_SetPinMux.13234.4038
                0x000007e4       0x38 C:\Users\jlpe\AppData\Local\Temp\ccSnTr1Y.ltrans0.ltrans.o
 .text.GPIO_SetPinsOutput.13256.4034
                0x0000081c       0x1c C:\Users\jlpe\AppData\Local\Temp\ccSnTr1Y.ltrans0.ltrans.o
 .text.GPIO_ClearPinsOutput.13268.4016
                0x00000838       0x1c C:\Users\jlpe\AppData\Local\Temp\ccSnTr1Y.ltrans0.ltrans.o
 .text.BOARD_InitPins
                0x00000854       0xcc C:\Users\jlpe\AppData\Local\Temp\ccSnTr1Y.ltrans0.ltrans.o
                0x00000854                BOARD_InitPins
 .text.UART_WriteBlocking
                0x00000920       0x3c C:\Users\jlpe\AppData\Local\Temp\ccSnTr1Y.ltrans1.ltrans.o
                0x00000920                UART_WriteBlocking
 .text.UART_ReadBlocking
                0x0000095c       0xa0 C:\Users\jlpe\AppData\Local\Temp\ccSnTr1Y.ltrans1.ltrans.o
                0x0000095c                UART_ReadBlocking
 .text.UART0_DriverIRQHandler.4203
                0x000009fc       0x20 C:\Users\jlpe\AppData\Local\Temp\ccSnTr1Y.ltrans1.ltrans.o
 .text.UART0_RX_TX_DriverIRQHandler
                0x00000a1c        0xc C:\Users\jlpe\AppData\Local\Temp\ccSnTr1Y.ltrans1.ltrans.o
                0x00000a1c                UART0_RX_TX_DriverIRQHandler
 .text.UART1_DriverIRQHandler.4199
                0x00000a28       0x20 C:\Users\jlpe\AppData\Local\Temp\ccSnTr1Y.ltrans1.ltrans.o
 .text.UART1_RX_TX_DriverIRQHandler
                0x00000a48        0xc C:\Users\jlpe\AppData\Local\Temp\ccSnTr1Y.ltrans1.ltrans.o
                0x00000a48                UART1_RX_TX_DriverIRQHandler
 .text.UART2_DriverIRQHandler.4195
                0x00000a54       0x20 C:\Users\jlpe\AppData\Local\Temp\ccSnTr1Y.ltrans1.ltrans.o
 .text.UART2_RX_TX_DriverIRQHandler
                0x00000a74        0xc C:\Users\jlpe\AppData\Local\Temp\ccSnTr1Y.ltrans1.ltrans.o
                0x00000a74                UART2_RX_TX_DriverIRQHandler
 .text.UART3_DriverIRQHandler.4191
                0x00000a80       0x20 C:\Users\jlpe\AppData\Local\Temp\ccSnTr1Y.ltrans1.ltrans.o
 .text.UART3_RX_TX_DriverIRQHandler
                0x00000aa0        0xc C:\Users\jlpe\AppData\Local\Temp\ccSnTr1Y.ltrans1.ltrans.o
                0x00000aa0                UART3_RX_TX_DriverIRQHandler
 .text.UART4_DriverIRQHandler.4187
                0x00000aac       0x20 C:\Users\jlpe\AppData\Local\Temp\ccSnTr1Y.ltrans1.ltrans.o
 .text.UART4_RX_TX_DriverIRQHandler
                0x00000acc        0xc C:\Users\jlpe\AppData\Local\Temp\ccSnTr1Y.ltrans1.ltrans.o
                0x00000acc                UART4_RX_TX_DriverIRQHandler
 .text.UART5_DriverIRQHandler.4183
                0x00000ad8       0x20 C:\Users\jlpe\AppData\Local\Temp\ccSnTr1Y.ltrans1.ltrans.o
 .text.UART5_RX_TX_DriverIRQHandler
                0x00000af8        0xc C:\Users\jlpe\AppData\Local\Temp\ccSnTr1Y.ltrans1.ltrans.o
                0x00000af8                UART5_RX_TX_DriverIRQHandler
 .text.SDHC_DriverIRQHandler
                0x00000b04       0x44 C:\Users\jlpe\AppData\Local\Temp\ccSnTr1Y.ltrans2.ltrans.o
                0x00000b04                SDHC_DriverIRQHandler
 .text.CLOCK_EnableClock.12247.4149
                0x00000b48       0x34 C:\Users\jlpe\AppData\Local\Temp\ccSnTr1Y.ltrans2.ltrans.o
 .text.UART_GetInstance
                0x00000b7c       0x5c C:\Users\jlpe\AppData\Local\Temp\ccSnTr1Y.ltrans2.ltrans.o
                0x00000b7c                UART_GetInstance
 .text.UART_Init
                0x00000bd8      0x2d8 C:\Users\jlpe\AppData\Local\Temp\ccSnTr1Y.ltrans2.ltrans.o
                0x00000bd8                UART_Init
 .text.UART_GetDefaultConfig
                0x00000eb0       0x5c C:\Users\jlpe\AppData\Local\Temp\ccSnTr1Y.ltrans2.ltrans.o
                0x00000eb0                UART_GetDefaultConfig
 .text.UART_GetStatusFlags
                0x00000f0c       0x48 C:\Users\jlpe\AppData\Local\Temp\ccSnTr1Y.ltrans2.ltrans.o
                0x00000f0c                UART_GetStatusFlags
 .text.I2S0_Tx_DriverIRQHandler
                0x00000f54       0x44 C:\Users\jlpe\AppData\Local\Temp\ccSnTr1Y.ltrans4.ltrans.o
                0x00000f54                I2S0_Tx_DriverIRQHandler
 .text.I2S0_Rx_DriverIRQHandler
                0x00000f98       0x44 C:\Users\jlpe\AppData\Local\Temp\ccSnTr1Y.ltrans4.ltrans.o
                0x00000f98                I2S0_Rx_DriverIRQHandler
 .text.I2C0_DriverIRQHandler
                0x00000fdc       0x1c C:\Users\jlpe\AppData\Local\Temp\ccSnTr1Y.ltrans7.ltrans.o
                0x00000fdc                I2C0_DriverIRQHandler
 .text.I2C1_DriverIRQHandler
                0x00000ff8       0x1c C:\Users\jlpe\AppData\Local\Temp\ccSnTr1Y.ltrans7.ltrans.o
                0x00000ff8                I2C1_DriverIRQHandler
 .text.I2C2_DriverIRQHandler
                0x00001014       0x1c C:\Users\jlpe\AppData\Local\Temp\ccSnTr1Y.ltrans7.ltrans.o
                0x00001014                I2C2_DriverIRQHandler
 .text.GPIO_WritePinOutput.9700.4195
                0x00001030       0x34 C:\Users\jlpe\AppData\Local\Temp\ccSnTr1Y.ltrans8.ltrans.o
 .text.GPIO_PinInit
                0x00001064       0x70 C:\Users\jlpe\AppData\Local\Temp\ccSnTr1Y.ltrans8.ltrans.o
                0x00001064                GPIO_PinInit
 .text.I2C_TransferCommonIRQHandler.9821
                0x000010d4       0x50 C:\Users\jlpe\AppData\Local\Temp\ccSnTr1Y.ltrans8.ltrans.o
                0x000010d4                I2C_TransferCommonIRQHandler.9821
 .text.CAN0_DriverIRQHandler
                0x00001124       0x44 C:\Users\jlpe\AppData\Local\Temp\ccSnTr1Y.ltrans9.ltrans.o
                0x00001124                CAN0_DriverIRQHandler
 .text.ENET_Transmit_IRQHandler
                0x00001168       0x20 C:\Users\jlpe\AppData\Local\Temp\ccSnTr1Y.ltrans11.ltrans.o
                0x00001168                ENET_Transmit_IRQHandler
 .text.ENET_Receive_IRQHandler
                0x00001188       0x20 C:\Users\jlpe\AppData\Local\Temp\ccSnTr1Y.ltrans11.ltrans.o
                0x00001188                ENET_Receive_IRQHandler
 .text.ENET_Error_IRQHandler
                0x000011a8       0x20 C:\Users\jlpe\AppData\Local\Temp\ccSnTr1Y.ltrans11.ltrans.o
                0x000011a8                ENET_Error_IRQHandler
 .text.DMA0_DriverIRQHandler
                0x000011c8       0x14 C:\Users\jlpe\AppData\Local\Temp\ccSnTr1Y.ltrans12.ltrans.o
                0x000011c8                DMA0_DriverIRQHandler
 .text.DMA1_DriverIRQHandler
                0x000011dc       0x14 C:\Users\jlpe\AppData\Local\Temp\ccSnTr1Y.ltrans12.ltrans.o
                0x000011dc                DMA1_DriverIRQHandler
 .text.DMA2_DriverIRQHandler
                0x000011f0       0x14 C:\Users\jlpe\AppData\Local\Temp\ccSnTr1Y.ltrans12.ltrans.o
                0x000011f0                DMA2_DriverIRQHandler
 .text.DMA3_DriverIRQHandler
                0x00001204       0x14 C:\Users\jlpe\AppData\Local\Temp\ccSnTr1Y.ltrans12.ltrans.o
                0x00001204                DMA3_DriverIRQHandler
 .text.DMA4_DriverIRQHandler
                0x00001218       0x14 C:\Users\jlpe\AppData\Local\Temp\ccSnTr1Y.ltrans12.ltrans.o
                0x00001218                DMA4_DriverIRQHandler
 .text.DMA5_DriverIRQHandler
                0x0000122c       0x14 C:\Users\jlpe\AppData\Local\Temp\ccSnTr1Y.ltrans12.ltrans.o
                0x0000122c                DMA5_DriverIRQHandler
 .text.DMA6_DriverIRQHandler
                0x00001240       0x14 C:\Users\jlpe\AppData\Local\Temp\ccSnTr1Y.ltrans12.ltrans.o
                0x00001240                DMA6_DriverIRQHandler
 .text.DMA7_DriverIRQHandler
                0x00001254       0x14 C:\Users\jlpe\AppData\Local\Temp\ccSnTr1Y.ltrans12.ltrans.o
                0x00001254                DMA7_DriverIRQHandler
 .text.DMA8_DriverIRQHandler
                0x00001268       0x14 C:\Users\jlpe\AppData\Local\Temp\ccSnTr1Y.ltrans12.ltrans.o
                0x00001268                DMA8_DriverIRQHandler
 .text.DMA9_DriverIRQHandler
                0x0000127c       0x14 C:\Users\jlpe\AppData\Local\Temp\ccSnTr1Y.ltrans12.ltrans.o
                0x0000127c                DMA9_DriverIRQHandler
 .text.DMA10_DriverIRQHandler
                0x00001290       0x14 C:\Users\jlpe\AppData\Local\Temp\ccSnTr1Y.ltrans12.ltrans.o
                0x00001290                DMA10_DriverIRQHandler
 .text.DMA11_DriverIRQHandler
                0x000012a4       0x14 C:\Users\jlpe\AppData\Local\Temp\ccSnTr1Y.ltrans12.ltrans.o
                0x000012a4                DMA11_DriverIRQHandler
 .text.DMA12_DriverIRQHandler
                0x000012b8       0x14 C:\Users\jlpe\AppData\Local\Temp\ccSnTr1Y.ltrans12.ltrans.o
                0x000012b8                DMA12_DriverIRQHandler
 .text.DMA13_DriverIRQHandler
                0x000012cc       0x14 C:\Users\jlpe\AppData\Local\Temp\ccSnTr1Y.ltrans12.ltrans.o
                0x000012cc                DMA13_DriverIRQHandler
 .text.DMA14_DriverIRQHandler
                0x000012e0       0x14 C:\Users\jlpe\AppData\Local\Temp\ccSnTr1Y.ltrans12.ltrans.o
                0x000012e0                DMA14_DriverIRQHandler
 .text.DMA15_DriverIRQHandler
                0x000012f4       0x14 C:\Users\jlpe\AppData\Local\Temp\ccSnTr1Y.ltrans12.ltrans.o
                0x000012f4                DMA15_DriverIRQHandler
 .text.EDMA_HandleIRQ
                0x00001308      0x15c C:\Users\jlpe\AppData\Local\Temp\ccSnTr1Y.ltrans13.ltrans.o
                0x00001308                EDMA_HandleIRQ
 .text.DSPI_CommonIRQHandler.7120.4271
                0x00001464       0x3c C:\Users\jlpe\AppData\Local\Temp\ccSnTr1Y.ltrans15.ltrans.o
 .text.SPI0_DriverIRQHandler
                0x000014a0       0x3c C:\Users\jlpe\AppData\Local\Temp\ccSnTr1Y.ltrans15.ltrans.o
                0x000014a0                SPI0_DriverIRQHandler
 .text.SPI1_DriverIRQHandler
                0x000014dc       0x3c C:\Users\jlpe\AppData\Local\Temp\ccSnTr1Y.ltrans15.ltrans.o
                0x000014dc                SPI1_DriverIRQHandler
 .text.SPI2_DriverIRQHandler
                0x00001518       0x3c C:\Users\jlpe\AppData\Local\Temp\ccSnTr1Y.ltrans15.ltrans.o
                0x00001518                SPI2_DriverIRQHandler
 .text.__assert_func
                0x00001554       0x28 C:\Users\jlpe\AppData\Local\Temp\ccSnTr1Y.ltrans17.ltrans.o
                0x00001554                __assert_func
 .text.DSPI_IsMaster.6862
                0x0000157c       0x1c C:\Users\jlpe\AppData\Local\Temp\ccSnTr1Y.ltrans17.ltrans.o
                0x0000157c                DSPI_IsMaster.6862
 .text.CLOCK_BootToPeeMode
                0x00001598       0x70 C:\Users\jlpe\AppData\Local\Temp\ccSnTr1Y.ltrans18.ltrans.o
                0x00001598                CLOCK_BootToPeeMode
 .text.CLOCK_SetSimConfig
                0x00001608       0x34 C:\Users\jlpe\AppData\Local\Temp\ccSnTr1Y.ltrans19.ltrans.o
                0x00001608                CLOCK_SetSimConfig
 .text.CLOCK_GetOutClkFreq
                0x0000163c       0x64 C:\Users\jlpe\AppData\Local\Temp\ccSnTr1Y.ltrans19.ltrans.o
                0x0000163c                CLOCK_GetOutClkFreq
 .text.CLOCK_GetFllFreq
                0x000016a0       0x74 C:\Users\jlpe\AppData\Local\Temp\ccSnTr1Y.ltrans19.ltrans.o
                0x000016a0                CLOCK_GetFllFreq
 .text.CLOCK_GetPll0Freq
                0x00001714       0x78 C:\Users\jlpe\AppData\Local\Temp\ccSnTr1Y.ltrans19.ltrans.o
                0x00001714                CLOCK_GetPll0Freq
 .text.CLOCK_SetExternalRefClkConfig
                0x0000178c       0x90 C:\Users\jlpe\AppData\Local\Temp\ccSnTr1Y.ltrans19.ltrans.o
                0x0000178c                CLOCK_SetExternalRefClkConfig
 .text.CLOCK_SetInternalRefClkConfig
                0x0000181c      0x100 C:\Users\jlpe\AppData\Local\Temp\ccSnTr1Y.ltrans19.ltrans.o
                0x0000181c                CLOCK_SetInternalRefClkConfig
 .text.CLOCK_EnablePll0
                0x0000191c       0x90 C:\Users\jlpe\AppData\Local\Temp\ccSnTr1Y.ltrans19.ltrans.o
                0x0000191c                CLOCK_EnablePll0
 .text.CLOCK_InitOsc0
                0x000019ac       0x88 C:\Users\jlpe\AppData\Local\Temp\ccSnTr1Y.ltrans19.ltrans.o
                0x000019ac                CLOCK_InitOsc0
 .text.CLOCK_SetPbeMode
                0x00001a34       0xb0 C:\Users\jlpe\AppData\Local\Temp\ccSnTr1Y.ltrans19.ltrans.o
                0x00001a34                CLOCK_SetPbeMode
 .text.prvProcessTimerOrBlockTask.5487
                0x00001ae4       0x9c C:\Users\jlpe\AppData\Local\Temp\ccSnTr1Y.ltrans20.ltrans.o
                0x00001ae4                prvProcessTimerOrBlockTask.5487
 .text.prvGetNextExpireTime.5450
                0x00001b80       0x48 C:\Users\jlpe\AppData\Local\Temp\ccSnTr1Y.ltrans20.ltrans.o
                0x00001b80                prvGetNextExpireTime.5450
 .text.prvSampleTimeNow.5484.4269
                0x00001bc8       0x40 C:\Users\jlpe\AppData\Local\Temp\ccSnTr1Y.ltrans20.ltrans.o
 .text.prvInsertTimerInActiveList.5453
                0x00001c08       0x84 C:\Users\jlpe\AppData\Local\Temp\ccSnTr1Y.ltrans20.ltrans.o
                0x00001c08                prvInsertTimerInActiveList.5453
 .text.prvProcessReceivedCommands.5491
                0x00001c8c      0x15c C:\Users\jlpe\AppData\Local\Temp\ccSnTr1Y.ltrans20.ltrans.o
                0x00001c8c                prvProcessReceivedCommands.5491
 .text.prvSwitchTimerLists.5482.4239
                0x00001de8       0xc0 C:\Users\jlpe\AppData\Local\Temp\ccSnTr1Y.ltrans20.ltrans.o
 .text.prvCheckForValidListAndQueue.5496
                0x00001ea8       0x6c C:\Users\jlpe\AppData\Local\Temp\ccSnTr1Y.ltrans20.ltrans.o
                0x00001ea8                prvCheckForValidListAndQueue.5496
 .text.CLOCK_SetEr32kClock.5775
                0x00001f14       0x2c C:\Users\jlpe\AppData\Local\Temp\ccSnTr1Y.ltrans20.ltrans.o
                0x00001f14                CLOCK_SetEr32kClock.5775
 .text.CLOCK_SetPllFllSelClock.5780
                0x00001f40       0x38 C:\Users\jlpe\AppData\Local\Temp\ccSnTr1Y.ltrans20.ltrans.o
                0x00001f40                CLOCK_SetPllFllSelClock.5780
 .text.OSC_SetExtRefClkConfig.5783
                0x00001f78       0x34 C:\Users\jlpe\AppData\Local\Temp\ccSnTr1Y.ltrans20.ltrans.o
                0x00001f78                OSC_SetExtRefClkConfig.5783
 .text.OSC_SetCapLoad.5795
                0x00001fac       0x34 C:\Users\jlpe\AppData\Local\Temp\ccSnTr1Y.ltrans20.ltrans.o
                0x00001fac                OSC_SetCapLoad.5795
 .text.CLOCK_GetMcgExtClkFreq.5801
                0x00001fe0       0x8c C:\Users\jlpe\AppData\Local\Temp\ccSnTr1Y.ltrans20.ltrans.o
                0x00001fe0                CLOCK_GetMcgExtClkFreq.5801
 .text.CLOCK_GetFllExtRefClkFreq.5803.4051
                0x0000206c       0xc8 C:\Users\jlpe\AppData\Local\Temp\ccSnTr1Y.ltrans20.ltrans.o
 .text.CLOCK_GetInternalRefClkSelectFreq.5805
                0x00002134       0x44 C:\Users\jlpe\AppData\Local\Temp\ccSnTr1Y.ltrans20.ltrans.o
                0x00002134                CLOCK_GetInternalRefClkSelectFreq.5805
 .text.CLOCK_GetFllRefClkFreq.5807
                0x00002178       0x2c C:\Users\jlpe\AppData\Local\Temp\ccSnTr1Y.ltrans20.ltrans.o
                0x00002178                CLOCK_GetFllRefClkFreq.5807
 .text.CLOCK_GetPll0RefFreq.5809
                0x000021a4       0x10 C:\Users\jlpe\AppData\Local\Temp\ccSnTr1Y.ltrans20.ltrans.o
                0x000021a4                CLOCK_GetPll0RefFreq.5809
 .text.CLOCK_GetOscRangeFromFreq.5811
                0x000021b4       0x3c C:\Users\jlpe\AppData\Local\Temp\ccSnTr1Y.ltrans20.ltrans.o
                0x000021b4                CLOCK_GetOscRangeFromFreq.5811
 .text.CLOCK_GetCoreSysClkFreq
                0x000021f0       0x24 C:\Users\jlpe\AppData\Local\Temp\ccSnTr1Y.ltrans20.ltrans.o
                0x000021f0                CLOCK_GetCoreSysClkFreq
 .text.xTaskIncrementTick
                0x00002214      0x160 C:\Users\jlpe\AppData\Local\Temp\ccSnTr1Y.ltrans21.ltrans.o
                0x00002214                xTaskIncrementTick
 .text.vTaskSwitchContext
                0x00002374       0xb4 C:\Users\jlpe\AppData\Local\Temp\ccSnTr1Y.ltrans21.ltrans.o
                0x00002374                vTaskSwitchContext
 .text.vTaskPlaceOnEventList
                0x00002428       0x44 C:\Users\jlpe\AppData\Local\Temp\ccSnTr1Y.ltrans21.ltrans.o
                0x00002428                vTaskPlaceOnEventList
 .text.vTaskPlaceOnEventListRestricted
                0x0000246c       0x54 C:\Users\jlpe\AppData\Local\Temp\ccSnTr1Y.ltrans21.ltrans.o
                0x0000246c                vTaskPlaceOnEventListRestricted
 .text.xTaskRemoveFromEventList
                0x000024c0       0xc4 C:\Users\jlpe\AppData\Local\Temp\ccSnTr1Y.ltrans21.ltrans.o
                0x000024c0                xTaskRemoveFromEventList
 .text.vTaskSetTimeOutState
                0x00002584       0x44 C:\Users\jlpe\AppData\Local\Temp\ccSnTr1Y.ltrans21.ltrans.o
                0x00002584                vTaskSetTimeOutState
 .text.xTaskCheckForTimeOut
                0x000025c8       0xbc C:\Users\jlpe\AppData\Local\Temp\ccSnTr1Y.ltrans21.ltrans.o
                0x000025c8                xTaskCheckForTimeOut
 .text.vTaskMissedYield
                0x00002684       0x18 C:\Users\jlpe\AppData\Local\Temp\ccSnTr1Y.ltrans21.ltrans.o
                0x00002684                vTaskMissedYield
 .text.prvIdleTask.5208
                0x0000269c       0x30 C:\Users\jlpe\AppData\Local\Temp\ccSnTr1Y.ltrans21.ltrans.o
                0x0000269c                prvIdleTask.5208
 .text.prvInitialiseTaskLists.5191
                0x000026cc       0x7c C:\Users\jlpe\AppData\Local\Temp\ccSnTr1Y.ltrans21.ltrans.o
                0x000026cc                prvInitialiseTaskLists.5191
 .text.prvCheckTasksWaitingTermination.5229.4209
                0x00002748       0x74 C:\Users\jlpe\AppData\Local\Temp\ccSnTr1Y.ltrans21.ltrans.o
 .text.prvDeleteTCB.5214
                0x000027bc       0x20 C:\Users\jlpe\AppData\Local\Temp\ccSnTr1Y.ltrans21.ltrans.o
                0x000027bc                prvDeleteTCB.5214
 .text.prvResetNextTaskUnblockTime.5217
                0x000027dc       0x48 C:\Users\jlpe\AppData\Local\Temp\ccSnTr1Y.ltrans21.ltrans.o
                0x000027dc                prvResetNextTaskUnblockTime.5217
 .text.xTaskGetSchedulerState
                0x00002824       0x3c C:\Users\jlpe\AppData\Local\Temp\ccSnTr1Y.ltrans21.ltrans.o
                0x00002824                xTaskGetSchedulerState
 .text.vTaskPriorityInherit
                0x00002860       0xec C:\Users\jlpe\AppData\Local\Temp\ccSnTr1Y.ltrans21.ltrans.o
                0x00002860                vTaskPriorityInherit
 .text.xTaskPriorityDisinherit
                0x0000294c      0x108 C:\Users\jlpe\AppData\Local\Temp\ccSnTr1Y.ltrans21.ltrans.o
                0x0000294c                xTaskPriorityDisinherit
 .text.pvTaskIncrementMutexHeldCount
                0x00002a54       0x28 C:\Users\jlpe\AppData\Local\Temp\ccSnTr1Y.ltrans21.ltrans.o
                0x00002a54                pvTaskIncrementMutexHeldCount
 .text.prvAddCurrentTaskToDelayedList.5294
                0x00002a7c       0xc8 C:\Users\jlpe\AppData\Local\Temp\ccSnTr1Y.ltrans21.ltrans.o
                0x00002a7c                prvAddCurrentTaskToDelayedList.5294
 .text.xTimerCreateTimerTask
                0x00002b44       0x60 C:\Users\jlpe\AppData\Local\Temp\ccSnTr1Y.ltrans21.ltrans.o
                0x00002b44                xTimerCreateTimerTask
 .text.xTimerGenericCommand
                0x00002ba4       0xa4 C:\Users\jlpe\AppData\Local\Temp\ccSnTr1Y.ltrans21.ltrans.o
                0x00002ba4                xTimerGenericCommand
 .text.prvProcessExpiredTimer.5478
                0x00002c48       0x80 C:\Users\jlpe\AppData\Local\Temp\ccSnTr1Y.ltrans21.ltrans.o
                0x00002c48                prvProcessExpiredTimer.5478
 .text.prvTimerTask.5493.4013
                0x00002cc8       0x24 C:\Users\jlpe\AppData\Local\Temp\ccSnTr1Y.ltrans21.ltrans.o
 .text.prvCopyDataToQueue.4907
                0x00002cec       0xd8 C:\Users\jlpe\AppData\Local\Temp\ccSnTr1Y.ltrans22.ltrans.o
                0x00002cec                prvCopyDataToQueue.4907
 .text.prvCopyDataFromQueue.4918
                0x00002dc4       0x4c C:\Users\jlpe\AppData\Local\Temp\ccSnTr1Y.ltrans22.ltrans.o
                0x00002dc4                prvCopyDataFromQueue.4918
 .text.prvUnlockQueue.4931
                0x00002e10       0x98 C:\Users\jlpe\AppData\Local\Temp\ccSnTr1Y.ltrans22.ltrans.o
                0x00002e10                prvUnlockQueue.4931
 .text.prvIsQueueEmpty.4934
                0x00002ea8       0x2c C:\Users\jlpe\AppData\Local\Temp\ccSnTr1Y.ltrans22.ltrans.o
                0x00002ea8                prvIsQueueEmpty.4934
 .text.prvIsQueueFull.4950
                0x00002ed4       0x30 C:\Users\jlpe\AppData\Local\Temp\ccSnTr1Y.ltrans22.ltrans.o
                0x00002ed4                prvIsQueueFull.4950
 .text.vQueueAddToRegistry
                0x00002f04       0x50 C:\Users\jlpe\AppData\Local\Temp\ccSnTr1Y.ltrans22.ltrans.o
                0x00002f04                vQueueAddToRegistry
 .text.vQueueWaitForMessageRestricted
                0x00002f54       0x6c C:\Users\jlpe\AppData\Local\Temp\ccSnTr1Y.ltrans22.ltrans.o
                0x00002f54                vQueueWaitForMessageRestricted
 .text.xTaskCreate
                0x00002fc0       0x84 C:\Users\jlpe\AppData\Local\Temp\ccSnTr1Y.ltrans22.ltrans.o
                0x00002fc0                xTaskCreate
 .text.prvInitialiseNewTask.5056.4136
                0x00003044      0x124 C:\Users\jlpe\AppData\Local\Temp\ccSnTr1Y.ltrans22.ltrans.o
 .text.prvAddNewTaskToReadyList.5193.4105
                0x00003168       0xdc C:\Users\jlpe\AppData\Local\Temp\ccSnTr1Y.ltrans22.ltrans.o
 .text.vTaskDelay
                0x00003244       0x64 C:\Users\jlpe\AppData\Local\Temp\ccSnTr1Y.ltrans22.ltrans.o
                0x00003244                vTaskDelay
 .text.vTaskStartScheduler
                0x000032a8       0x94 C:\Users\jlpe\AppData\Local\Temp\ccSnTr1Y.ltrans22.ltrans.o
                0x000032a8                vTaskStartScheduler
 .text.vTaskSuspendAll
                0x0000333c       0x1c C:\Users\jlpe\AppData\Local\Temp\ccSnTr1Y.ltrans22.ltrans.o
                0x0000333c                vTaskSuspendAll
 .text.xTaskResumeAll
                0x00003358      0x138 C:\Users\jlpe\AppData\Local\Temp\ccSnTr1Y.ltrans22.ltrans.o
                0x00003358                xTaskResumeAll
 .text.xTaskGetTickCount
                0x00003490       0x20 C:\Users\jlpe\AppData\Local\Temp\ccSnTr1Y.ltrans22.ltrans.o
                0x00003490                xTaskGetTickCount
 .text.vPortEnterCritical
                0x000034b0       0x5c C:\Users\jlpe\AppData\Local\Temp\ccSnTr1Y.ltrans23.ltrans.o
                0x000034b0                vPortEnterCritical
 .text.vPortExitCritical
                0x0000350c       0x4c C:\Users\jlpe\AppData\Local\Temp\ccSnTr1Y.ltrans23.ltrans.o
                0x0000350c                vPortExitCritical
 *fill*         0x00003558        0x8 
 .text.PendSV_Handler
                0x00003560       0x70 C:\Users\jlpe\AppData\Local\Temp\ccSnTr1Y.ltrans23.ltrans.o
                0x00003560                PendSV_Handler
 .text.SysTick_Handler
                0x000035d0       0x40 C:\Users\jlpe\AppData\Local\Temp\ccSnTr1Y.ltrans23.ltrans.o
                0x000035d0                SysTick_Handler
 .text.vPortEnableVFP.4636
                0x00003610       0x14 C:\Users\jlpe\AppData\Local\Temp\ccSnTr1Y.ltrans23.ltrans.o
                0x00003610                vPortEnableVFP.4636
 .text.vPortValidateInterruptPriority
                0x00003624       0x78 C:\Users\jlpe\AppData\Local\Temp\ccSnTr1Y.ltrans23.ltrans.o
                0x00003624                vPortValidateInterruptPriority
 .text.vListInitialise
                0x0000369c       0x40 C:\Users\jlpe\AppData\Local\Temp\ccSnTr1Y.ltrans23.ltrans.o
                0x0000369c                vListInitialise
 .text.vListInitialiseItem
                0x000036dc       0x18 C:\Users\jlpe\AppData\Local\Temp\ccSnTr1Y.ltrans23.ltrans.o
                0x000036dc                vListInitialiseItem
 .text.vListInsertEnd
                0x000036f4       0x48 C:\Users\jlpe\AppData\Local\Temp\ccSnTr1Y.ltrans23.ltrans.o
                0x000036f4                vListInsertEnd
 .text.vListInsert
                0x0000373c       0x70 C:\Users\jlpe\AppData\Local\Temp\ccSnTr1Y.ltrans23.ltrans.o
                0x0000373c                vListInsert
 .text.uxListRemove
                0x000037ac       0x54 C:\Users\jlpe\AppData\Local\Temp\ccSnTr1Y.ltrans23.ltrans.o
                0x000037ac                uxListRemove
 .text.xQueueGenericReset.4128
                0x00003800       0xd0 C:\Users\jlpe\AppData\Local\Temp\ccSnTr1Y.ltrans23.ltrans.o
 .text.xQueueGenericCreate
                0x000038d0       0x70 C:\Users\jlpe\AppData\Local\Temp\ccSnTr1Y.ltrans23.ltrans.o
                0x000038d0                xQueueGenericCreate
 .text.prvInitialiseNewQueue.4824.4116
                0x00003940       0x44 C:\Users\jlpe\AppData\Local\Temp\ccSnTr1Y.ltrans23.ltrans.o
 .text.xQueueGenericSend
                0x00003984      0x1fc C:\Users\jlpe\AppData\Local\Temp\ccSnTr1Y.ltrans23.ltrans.o
                0x00003984                xQueueGenericSend
 .text.xQueueGenericSendFromISR
                0x00003b80      0x128 C:\Users\jlpe\AppData\Local\Temp\ccSnTr1Y.ltrans23.ltrans.o
                0x00003b80                xQueueGenericSendFromISR
 .text.xQueueGenericReceive
                0x00003ca8      0x22c C:\Users\jlpe\AppData\Local\Temp\ccSnTr1Y.ltrans23.ltrans.o
                0x00003ca8                xQueueGenericReceive
 .text.SystemInit
                0x00003ed4       0x3c C:\Users\jlpe\AppData\Local\Temp\ccSnTr1Y.ltrans24.ltrans.o
                0x00003ed4                SystemInit
 .text.main     0x00003f10       0x60 C:\Users\jlpe\AppData\Local\Temp\ccSnTr1Y.ltrans24.ltrans.o
                0x00003f10                main
 .text.GPIO_TogglePinsOutput.4528.4067
                0x00003f70       0x1c C:\Users\jlpe\AppData\Local\Temp\ccSnTr1Y.ltrans24.ltrans.o
 .text.blue_task.4064
                0x00003f8c       0x2c C:\Users\jlpe\AppData\Local\Temp\ccSnTr1Y.ltrans24.ltrans.o
 .text.green_task.4060
                0x00003fb8       0x2c C:\Users\jlpe\AppData\Local\Temp\ccSnTr1Y.ltrans24.ltrans.o
 .text.pvPortMalloc
                0x00003fe4      0x184 C:\Users\jlpe\AppData\Local\Temp\ccSnTr1Y.ltrans24.ltrans.o
                0x00003fe4                pvPortMalloc
 .text.vPortFree
                0x00004168       0xb0 C:\Users\jlpe\AppData\Local\Temp\ccSnTr1Y.ltrans24.ltrans.o
                0x00004168                vPortFree
 .text.prvHeapInit.4563.4046
                0x00004218       0xc4 C:\Users\jlpe\AppData\Local\Temp\ccSnTr1Y.ltrans24.ltrans.o
 .text.prvInsertBlockIntoFreeList.4565.4037
                0x000042dc       0xb0 C:\Users\jlpe\AppData\Local\Temp\ccSnTr1Y.ltrans24.ltrans.o
 .text.vPortSetupTimerInterrupt.4034
                0x0000438c       0x40 C:\Users\jlpe\AppData\Local\Temp\ccSnTr1Y.ltrans24.ltrans.o
 .text.pxPortInitialiseStack
                0x000043cc       0x68 C:\Users\jlpe\AppData\Local\Temp\ccSnTr1Y.ltrans24.ltrans.o
                0x000043cc                pxPortInitialiseStack
 .text.prvTaskExitError.4610.4022
                0x00004434       0x3c C:\Users\jlpe\AppData\Local\Temp\ccSnTr1Y.ltrans24.ltrans.o
 .text.SVC_Handler
                0x00004470       0x30 C:\Users\jlpe\AppData\Local\Temp\ccSnTr1Y.ltrans24.ltrans.o
                0x00004470                SVC_Handler
 .text.prvPortStartFirstTask.4624.4018
                0x000044a0       0x20 C:\Users\jlpe\AppData\Local\Temp\ccSnTr1Y.ltrans24.ltrans.o
 .text.xPortStartScheduler
                0x000044c0      0x118 C:\Users\jlpe\AppData\Local\Temp\ccSnTr1Y.ltrans24.ltrans.o
                0x000044c0                xPortStartScheduler
 .text.UART_EnableTx.4013.4234
                0x000045d8       0x40 C:\Users\jlpe\AppData\Local\Temp\ccSnTr1Y.ltrans25.ltrans.o
 .text.UART_EnableRx.4058.4230
                0x00004618       0x40 C:\Users\jlpe\AppData\Local\Temp\ccSnTr1Y.ltrans25.ltrans.o
 .text.DbgConsole_Init
                0x00004658       0x8c C:\Users\jlpe\AppData\Local\Temp\ccSnTr1Y.ltrans25.ltrans.o
                0x00004658                DbgConsole_Init
 .text.DbgConsole_Printf
                0x000046e4       0x40 C:\Users\jlpe\AppData\Local\Temp\ccSnTr1Y.ltrans25.ltrans.o
                0x000046e4                DbgConsole_Printf
 .text.DbgConsole_Putchar.4167
                0x00004724       0x38 C:\Users\jlpe\AppData\Local\Temp\ccSnTr1Y.ltrans25.ltrans.o
 .text.DbgConsole_PrintfPaddingCharacter.4087.4152
                0x0000475c       0x40 C:\Users\jlpe\AppData\Local\Temp\ccSnTr1Y.ltrans25.ltrans.o
 .text.DbgConsole_ConvertRadixNumToString.4095.4145
                0x0000479c      0x114 C:\Users\jlpe\AppData\Local\Temp\ccSnTr1Y.ltrans25.ltrans.o
 .text.DbgConsole_PrintfFormattedData.4102.4139
                0x000048b0      0x368 C:\Users\jlpe\AppData\Local\Temp\ccSnTr1Y.ltrans25.ltrans.o
 .text.memcpy   0x00004c18       0x12 c:/freescale/kds_v3/toolchain/bin/../lib/gcc/arm-none-eabi/4.8.4/../../../../arm-none-eabi/lib/armv7e-m/fpu\libg_s.a(lib_a-memcpy-stub.o)
                0x00004c18                memcpy
 .text.strlen   0x00004c2a       0x10 c:/freescale/kds_v3/toolchain/bin/../lib/gcc/arm-none-eabi/4.8.4/../../../../arm-none-eabi/lib/armv7e-m/fpu\libg_s.a(lib_a-strlen.o)
                0x00004c2a                strlen
 *fill*         0x00004c3a        0x2 
 .text.exit     0x00004c3c       0x28 c:/freescale/kds_v3/toolchain/bin/../lib/gcc/arm-none-eabi/4.8.4/../../../../arm-none-eabi/lib/armv7e-m/fpu\libg_s.a(lib_a-exit.o)
                0x00004c3c                exit
 .text.__libc_init_array
                0x00004c64       0x4c c:/freescale/kds_v3/toolchain/bin/../lib/gcc/arm-none-eabi/4.8.4/../../../../arm-none-eabi/lib/armv7e-m/fpu\libg_s.a(lib_a-init.o)
                0x00004c64                __libc_init_array
 .text.memset   0x00004cb0       0x10 c:/freescale/kds_v3/toolchain/bin/../lib/gcc/arm-none-eabi/4.8.4/../../../../arm-none-eabi/lib/armv7e-m/fpu\libg_s.a(lib_a-memset.o)
                0x00004cb0                memset
 .text._exit    0x00004cc0        0x4 c:/freescale/kds_v3/toolchain/bin/../lib/gcc/arm-none-eabi/4.8.4/../../../../arm-none-eabi/lib/armv7e-m/fpu\libnosys.a(_exit.o)
                0x00004cc0                _exit
 *(.rodata)
 .rodata        0x00004cc4      0x1b4 C:\Users\jlpe\AppData\Local\Temp\ccSnTr1Y.ltrans0.ltrans.o
 .rodata        0x00004e78       0x84 C:\Users\jlpe\AppData\Local\Temp\ccSnTr1Y.ltrans1.ltrans.o
 .rodata        0x00004efc      0x2e0 C:\Users\jlpe\AppData\Local\Temp\ccSnTr1Y.ltrans2.ltrans.o
 .rodata        0x000051dc       0x48 C:\Users\jlpe\AppData\Local\Temp\ccSnTr1Y.ltrans4.ltrans.o
 .rodata        0x00005224      0x144 C:\Users\jlpe\AppData\Local\Temp\ccSnTr1Y.ltrans8.ltrans.o
 .rodata        0x00005368      0x1fc C:\Users\jlpe\AppData\Local\Temp\ccSnTr1Y.ltrans9.ltrans.o
 .rodata        0x00005564      0x220 C:\Users\jlpe\AppData\Local\Temp\ccSnTr1Y.ltrans13.ltrans.o
 .rodata        0x00005784      0x150 C:\Users\jlpe\AppData\Local\Temp\ccSnTr1Y.ltrans15.ltrans.o
 .rodata        0x000058d4      0x140 C:\Users\jlpe\AppData\Local\Temp\ccSnTr1Y.ltrans17.ltrans.o
 .rodata        0x00005a14      0x1a0 C:\Users\jlpe\AppData\Local\Temp\ccSnTr1Y.ltrans18.ltrans.o
 .rodata        0x00005bb4       0x2c C:\Users\jlpe\AppData\Local\Temp\ccSnTr1Y.ltrans19.ltrans.o
 .rodata        0x00005be0       0xac C:\Users\jlpe\AppData\Local\Temp\ccSnTr1Y.ltrans20.ltrans.o
 .rodata        0x00005c8c        0x8 C:\Users\jlpe\AppData\Local\Temp\ccSnTr1Y.ltrans21.ltrans.o
 .rodata        0x00005c94        0x8 C:\Users\jlpe\AppData\Local\Temp\ccSnTr1Y.ltrans22.ltrans.o
 .rodata        0x00005c9c       0x30 C:\Users\jlpe\AppData\Local\Temp\ccSnTr1Y.ltrans24.ltrans.o
 *(.rodata*)
 .rodata.__func__.6530.6014
                0x00005ccc       0x18 C:\Users\jlpe\AppData\Local\Temp\ccSnTr1Y.ltrans0.ltrans.o
                0x00005ccc                __func__.6530.6014
 .rodata.fllFactorTable.6658.6020
                0x00005ce4       0x10 C:\Users\jlpe\AppData\Local\Temp\ccSnTr1Y.ltrans0.ltrans.o
                0x00005ce4                fllFactorTable.6658.6020
 .rodata.__func__.6673.6023
                0x00005cf4       0x14 C:\Users\jlpe\AppData\Local\Temp\ccSnTr1Y.ltrans0.ltrans.o
                0x00005cf4                __func__.6673.6023
 .rodata.__func__.6721.6024
                0x00005d08       0x14 C:\Users\jlpe\AppData\Local\Temp\ccSnTr1Y.ltrans0.ltrans.o
                0x00005d08                __func__.6721.6024
 .rodata.__func__.6857.6026
                0x00005d1c       0x14 C:\Users\jlpe\AppData\Local\Temp\ccSnTr1Y.ltrans0.ltrans.o
                0x00005d1c                __func__.6857.6026
 .rodata.__func__.6921.6027
                0x00005d30       0x14 C:\Users\jlpe\AppData\Local\Temp\ccSnTr1Y.ltrans0.ltrans.o
                0x00005d30                __func__.6921.6027
 .rodata.__func__.7196.7168
                0x00005d44       0x18 C:\Users\jlpe\AppData\Local\Temp\ccSnTr1Y.ltrans0.ltrans.o
                0x00005d44                __func__.7196.7168
 .rodata.__func__.7200.7169
                0x00005d5c       0x18 C:\Users\jlpe\AppData\Local\Temp\ccSnTr1Y.ltrans0.ltrans.o
                0x00005d5c                __func__.7200.7169
 .rodata.__func__.7204.7170
                0x00005d74       0x18 C:\Users\jlpe\AppData\Local\Temp\ccSnTr1Y.ltrans0.ltrans.o
                0x00005d74                __func__.7204.7170
 .rodata.__func__.7008.8081
                0x00005d8c       0x10 C:\Users\jlpe\AppData\Local\Temp\ccSnTr1Y.ltrans0.ltrans.o
                0x00005d8c                __func__.7008.8081
 .rodata.__func__.7073.9429
                0x00005d9c       0x18 C:\Users\jlpe\AppData\Local\Temp\ccSnTr1Y.ltrans0.ltrans.o
                0x00005d9c                __func__.7073.9429
 .rodata.__func__.6554.9743
                0x00005db4       0x10 C:\Users\jlpe\AppData\Local\Temp\ccSnTr1Y.ltrans0.ltrans.o
                0x00005db4                __func__.6554.9743
 .rodata.__func__.7057.11342
                0x00005dc4       0x1c C:\Users\jlpe\AppData\Local\Temp\ccSnTr1Y.ltrans0.ltrans.o
                0x00005dc4                __func__.7057.11342
 .rodata.__func__.7061.11343
                0x00005de0       0x1c C:\Users\jlpe\AppData\Local\Temp\ccSnTr1Y.ltrans0.ltrans.o
                0x00005de0                __func__.7061.11343
 .rodata.__func__.7245.12028
                0x00005dfc       0x18 C:\Users\jlpe\AppData\Local\Temp\ccSnTr1Y.ltrans0.ltrans.o
                0x00005dfc                __func__.7245.12028
 .rodata.s_uartBases.12483
                0x00005e14       0x18 C:\Users\jlpe\AppData\Local\Temp\ccSnTr1Y.ltrans0.ltrans.o
                0x00005e14                s_uartBases.12483
 .rodata.s_uartClock.12488
                0x00005e2c       0x18 C:\Users\jlpe\AppData\Local\Temp\ccSnTr1Y.ltrans0.ltrans.o
                0x00005e2c                s_uartClock.12488
 .rodata.__func__.6729.12484
                0x00005e44       0x14 C:\Users\jlpe\AppData\Local\Temp\ccSnTr1Y.ltrans0.ltrans.o
                0x00005e44                __func__.6729.12484
 .rodata.__func__.6745.12487
                0x00005e58        0xc C:\Users\jlpe\AppData\Local\Temp\ccSnTr1Y.ltrans0.ltrans.o
                0x00005e58                __func__.6745.12487
 .rodata.__func__.6763.12489
                0x00005e64       0x18 C:\Users\jlpe\AppData\Local\Temp\ccSnTr1Y.ltrans0.ltrans.o
                0x00005e64                __func__.6763.12489
 .rodata.__func__.6823.12492
                0x00005e7c       0x14 C:\Users\jlpe\AppData\Local\Temp\ccSnTr1Y.ltrans0.ltrans.o
                0x00005e7c                __func__.6823.12492
 .rodata.str1.1
                0x00005e90        0x2 c:/freescale/kds_v3/toolchain/bin/../lib/gcc/arm-none-eabi/4.8.4/../../../../arm-none-eabi/lib/armv7e-m/fpu\libg_s.a(lib_a-impure.o)
 *fill*         0x00005e92        0x2 
 .rodata._global_impure_ptr
                0x00005e94        0x4 c:/freescale/kds_v3/toolchain/bin/../lib/gcc/arm-none-eabi/4.8.4/../../../../arm-none-eabi/lib/armv7e-m/fpu\libg_s.a(lib_a-impure.o)
                0x00005e94                _global_impure_ptr
 *(.glue_7)
 .glue_7        0x00000000        0x0 linker stubs
 *(.glue_7t)
 .glue_7t       0x00000000        0x0 linker stubs
 *(.eh_frame)
 .eh_frame      0x00005e98        0x0 c:/freescale/kds_v3/toolchain/bin/../lib/gcc/arm-none-eabi/4.8.4/armv7e-m/fpu/crtbegin.o
 *(.init)
 .init          0x00005e98        0x4 c:/freescale/kds_v3/toolchain/bin/../lib/gcc/arm-none-eabi/4.8.4/armv7e-m/fpu/crti.o
                0x00005e98                _init
 .init          0x00005e9c        0x8 c:/freescale/kds_v3/toolchain/bin/../lib/gcc/arm-none-eabi/4.8.4/armv7e-m/fpu/crtn.o
 *(.fini)
 .fini          0x00005ea4        0x4 c:/freescale/kds_v3/toolchain/bin/../lib/gcc/arm-none-eabi/4.8.4/armv7e-m/fpu/crti.o
                0x00005ea4                _fini
 .fini          0x00005ea8        0x8 c:/freescale/kds_v3/toolchain/bin/../lib/gcc/arm-none-eabi/4.8.4/armv7e-m/fpu/crtn.o
                0x00005eb0                . = ALIGN (0x4)

.vfp11_veneer   0x00005eb0        0x0
 .vfp11_veneer  0x00000000        0x0 linker stubs

.v4_bx          0x00005eb0        0x0
 .v4_bx         0x00000000        0x0 linker stubs

.iplt           0x00005eb0        0x0
 .iplt          0x00000000        0x0 c:/freescale/kds_v3/toolchain/bin/../lib/gcc/arm-none-eabi/4.8.4/armv7e-m/fpu/crtbegin.o

.ARM.extab
 *(.ARM.extab* .gnu.linkonce.armextab.*)

.ARM            0x00005eb0        0x8
                0x00005eb0                __exidx_start = .
 *(.ARM.exidx*)
 .ARM.exidx     0x00005eb0        0x8 c:/freescale/kds_v3/toolchain/bin/../lib/gcc/arm-none-eabi/4.8.4/../../../../arm-none-eabi/lib/armv7e-m/fpu/crt0.o
                0x00005eb8                __exidx_end = .

.rel.dyn        0x00005eb8        0x0
 .rel.iplt      0x00000000        0x0 c:/freescale/kds_v3/toolchain/bin/../lib/gcc/arm-none-eabi/4.8.4/armv7e-m/fpu/crtbegin.o

.ctors          0x00005eb8        0x0
                0x00005eb8                __CTOR_LIST__ = .
 *crtbegin.o(.ctors)
 *crtbegin?.o(.ctors)
 *(EXCLUDE_FILE(*crtend.o *crtend?.o) .ctors)
 *(SORT(.ctors.*))
 *(.ctors)
                0x00005eb8                __CTOR_END__ = .

.dtors          0x00005eb8        0x0
                0x00005eb8                __DTOR_LIST__ = .
 *crtbegin.o(.dtors)
 *crtbegin?.o(.dtors)
 *(EXCLUDE_FILE(*crtend.o *crtend?.o) .dtors)
 *(SORT(.dtors.*))
 *(.dtors)
                0x00005eb8                __DTOR_END__ = .

.preinit_array  0x00005eb8        0x0
                0x00005eb8                PROVIDE (__preinit_array_start, .)
 *(.preinit_array*)
                0x00005eb8                PROVIDE (__preinit_array_end, .)

.init_array     0x00005eb8        0x4
                0x00005eb8                PROVIDE (__init_array_start, .)
 *(SORT(.init_array.*))
 *(.init_array*)
 .init_array    0x00005eb8        0x4 c:/freescale/kds_v3/toolchain/bin/../lib/gcc/arm-none-eabi/4.8.4/armv7e-m/fpu/crtbegin.o
                0x00005ebc                PROVIDE (__init_array_end, .)

.fini_array     0x00005ebc        0x4
                0x00005ebc                PROVIDE (__fini_array_start, .)
 *(SORT(.fini_array.*))
 *(.fini_array*)
 .fini_array    0x00005ebc        0x4 c:/freescale/kds_v3/toolchain/bin/../lib/gcc/arm-none-eabi/4.8.4/armv7e-m/fpu/crtbegin.o
                0x00005ec0                PROVIDE (__fini_array_end, .)
                0x00005ec0                __etext = .
                0x00005ec0                __DATA_ROM = .

.interrupts_ram
                0x1fff0000        0x0
                0x1fff0000                . = ALIGN (0x4)
                0x1fff0000                __VECTOR_RAM__ = .
                0x1fff0000                __interrupts_ram_start__ = .
 *(.m_interrupts_ram)
                0x1fff0000                . = (. + M_VECTOR_RAM_SIZE)
                0x1fff0000                . = ALIGN (0x4)
                0x1fff0000                __interrupts_ram_end__ = .
                0x00000000                __VECTOR_RAM = DEFINED (__ram_vector_table__)?__VECTOR_RAM__:ORIGIN (m_interrupts)
                0x00000000                __RAM_VECTOR_TABLE_SIZE_BYTES = DEFINED (__ram_vector_table__)?(__interrupts_ram_end__ - __interrupts_ram_start__):0x0

.data           0x1fff0000       0x7c load address 0x00005ec0
                0x1fff0000                . = ALIGN (0x4)
                0x1fff0000                __DATA_RAM = .
                0x1fff0000                __data_start__ = .
 *(.data)
 *(.data*)
 .data.SystemCoreClock
                0x1fff0000        0x4 C:\Users\jlpe\AppData\Local\Temp\ccSnTr1Y.ltrans0.ltrans.o
                0x1fff0000                SystemCoreClock
 .data.pTextForTaskBlue
                0x1fff0004        0x4 C:\Users\jlpe\AppData\Local\Temp\ccSnTr1Y.ltrans0.ltrans.o
                0x1fff0004                pTextForTaskBlue
 .data.pTextForTaskGreen
                0x1fff0008        0x4 C:\Users\jlpe\AppData\Local\Temp\ccSnTr1Y.ltrans0.ltrans.o
                0x1fff0008                pTextForTaskGreen
 .data.uxCriticalNesting.4645
                0x1fff000c        0x4 C:\Users\jlpe\AppData\Local\Temp\ccSnTr1Y.ltrans0.ltrans.o
                0x1fff000c                uxCriticalNesting.4645
 .data.s_slowIrcFreq.6016
                0x1fff0010        0x4 C:\Users\jlpe\AppData\Local\Temp\ccSnTr1Y.ltrans0.ltrans.o
                0x1fff0010                s_slowIrcFreq.6016
 .data.s_fastIrcFreq.6017
                0x1fff0014        0x4 C:\Users\jlpe\AppData\Local\Temp\ccSnTr1Y.ltrans0.ltrans.o
                0x1fff0014                s_fastIrcFreq.6017
 .data.impure_data
                0x1fff0018       0x60 c:/freescale/kds_v3/toolchain/bin/../lib/gcc/arm-none-eabi/4.8.4/../../../../arm-none-eabi/lib/armv7e-m/fpu\libg_s.a(lib_a-impure.o)
 *(.jcr*)
 .jcr           0x1fff0078        0x0 c:/freescale/kds_v3/toolchain/bin/../lib/gcc/arm-none-eabi/4.8.4/armv7e-m/fpu/crtbegin.o
 .jcr           0x1fff0078        0x4 c:/freescale/kds_v3/toolchain/bin/../lib/gcc/arm-none-eabi/4.8.4/armv7e-m/fpu/crtend.o
                0x1fff007c                . = ALIGN (0x4)
                0x1fff007c                __data_end__ = .
                0x00005f3c                __DATA_END = (__DATA_ROM + (__data_end__ - __data_start__))
                0x00100000                text_end = (ORIGIN (m_text) + 0xffbf0)
                0x00000001                ASSERT ((__DATA_END <= text_end), region m_text overflowed with text and data)
                0x00000000                USB_RAM_GAP = DEFINED (__usb_ram_size__)?__usb_ram_size__:0x0

.igot.plt       0x1fff007c        0x0 load address 0x00005f3c
 .igot.plt      0x00000000        0x0 c:/freescale/kds_v3/toolchain/bin/../lib/gcc/arm-none-eabi/4.8.4/armv7e-m/fpu/crtbegin.o

.bss            0x1fff007c     0x2b84 load address 0x00005f3c
                0x1fff007c                . = ALIGN (0x4)
                0x1fff007c                __START_BSS = .
                0x1fff007c                __bss_start__ = .
 *(.bss)
 .bss           0x1fff007c       0x1c c:/freescale/kds_v3/toolchain/bin/../lib/gcc/arm-none-eabi/4.8.4/armv7e-m/fpu/crtbegin.o
 *(.bss*)
 .bss.s_debugConsole.4148
                0x1fff0098       0x10 C:\Users\jlpe\AppData\Local\Temp\ccSnTr1Y.ltrans0.ltrans.o
                0x1fff0098                s_debugConsole.4148
 .bss.ucHeap.4583
                0x1fff00a8     0x2800 C:\Users\jlpe\AppData\Local\Temp\ccSnTr1Y.ltrans0.ltrans.o
                0x1fff00a8                ucHeap.4583
 .bss.xStart.4586
                0x1fff28a8        0x8 C:\Users\jlpe\AppData\Local\Temp\ccSnTr1Y.ltrans0.ltrans.o
                0x1fff28a8                xStart.4586
 .bss.pxEnd.4587
                0x1fff28b0        0x4 C:\Users\jlpe\AppData\Local\Temp\ccSnTr1Y.ltrans0.ltrans.o
                0x1fff28b0                pxEnd.4587
 .bss.xFreeBytesRemaining.4581
                0x1fff28b4        0x4 C:\Users\jlpe\AppData\Local\Temp\ccSnTr1Y.ltrans0.ltrans.o
                0x1fff28b4                xFreeBytesRemaining.4581
 .bss.xMinimumEverFreeBytesRemaining.4582
                0x1fff28b8        0x4 C:\Users\jlpe\AppData\Local\Temp\ccSnTr1Y.ltrans0.ltrans.o
                0x1fff28b8                xMinimumEverFreeBytesRemaining.4582
 .bss.xBlockAllocatedBit.4588
                0x1fff28bc        0x4 C:\Users\jlpe\AppData\Local\Temp\ccSnTr1Y.ltrans0.ltrans.o
                0x1fff28bc                xBlockAllocatedBit.4588
 .bss.ucMaxSysCallPriority.4647
                0x1fff28c0        0x1 C:\Users\jlpe\AppData\Local\Temp\ccSnTr1Y.ltrans0.ltrans.o
                0x1fff28c0                ucMaxSysCallPriority.4647
 *fill*         0x1fff28c1        0x3 
 .bss.ulMaxPRIGROUPValue.4650
                0x1fff28c4        0x4 C:\Users\jlpe\AppData\Local\Temp\ccSnTr1Y.ltrans0.ltrans.o
                0x1fff28c4                ulMaxPRIGROUPValue.4650
 .bss.xQueueRegistry
                0x1fff28c8       0x40 C:\Users\jlpe\AppData\Local\Temp\ccSnTr1Y.ltrans0.ltrans.o
                0x1fff28c8                xQueueRegistry
 .bss.pxCurrentTCB
                0x1fff2908        0x4 C:\Users\jlpe\AppData\Local\Temp\ccSnTr1Y.ltrans0.ltrans.o
                0x1fff2908                pxCurrentTCB
 .bss.pxReadyTasksLists.5350
                0x1fff290c       0x64 C:\Users\jlpe\AppData\Local\Temp\ccSnTr1Y.ltrans0.ltrans.o
                0x1fff290c                pxReadyTasksLists.5350
 .bss.xDelayedTaskList1.5359
                0x1fff2970       0x14 C:\Users\jlpe\AppData\Local\Temp\ccSnTr1Y.ltrans0.ltrans.o
                0x1fff2970                xDelayedTaskList1.5359
 .bss.xDelayedTaskList2.5360
                0x1fff2984       0x14 C:\Users\jlpe\AppData\Local\Temp\ccSnTr1Y.ltrans0.ltrans.o
                0x1fff2984                xDelayedTaskList2.5360
 .bss.pxDelayedTaskList.5346
                0x1fff2998        0x4 C:\Users\jlpe\AppData\Local\Temp\ccSnTr1Y.ltrans0.ltrans.o
                0x1fff2998                pxDelayedTaskList.5346
 .bss.pxOverflowDelayedTaskList.5347
                0x1fff299c        0x4 C:\Users\jlpe\AppData\Local\Temp\ccSnTr1Y.ltrans0.ltrans.o
                0x1fff299c                pxOverflowDelayedTaskList.5347
 .bss.xPendingReadyList.5352
                0x1fff29a0       0x14 C:\Users\jlpe\AppData\Local\Temp\ccSnTr1Y.ltrans0.ltrans.o
                0x1fff29a0                xPendingReadyList.5352
 .bss.xTasksWaitingTermination.5349
                0x1fff29b4       0x14 C:\Users\jlpe\AppData\Local\Temp\ccSnTr1Y.ltrans0.ltrans.o
                0x1fff29b4                xTasksWaitingTermination.5349
 .bss.uxDeletedTasksWaitingCleanUp.5364
                0x1fff29c8        0x4 C:\Users\jlpe\AppData\Local\Temp\ccSnTr1Y.ltrans0.ltrans.o
                0x1fff29c8                uxDeletedTasksWaitingCleanUp.5364
 .bss.xSuspendedTaskList.5348
                0x1fff29cc       0x14 C:\Users\jlpe\AppData\Local\Temp\ccSnTr1Y.ltrans0.ltrans.o
                0x1fff29cc                xSuspendedTaskList.5348
 .bss.uxCurrentNumberOfTasks.5356
                0x1fff29e0        0x4 C:\Users\jlpe\AppData\Local\Temp\ccSnTr1Y.ltrans0.ltrans.o
                0x1fff29e0                uxCurrentNumberOfTasks.5356
 .bss.xTickCount.5355
                0x1fff29e4        0x4 C:\Users\jlpe\AppData\Local\Temp\ccSnTr1Y.ltrans0.ltrans.o
                0x1fff29e4                xTickCount.5355
 .bss.uxTopReadyPriority.5351
                0x1fff29e8        0x4 C:\Users\jlpe\AppData\Local\Temp\ccSnTr1Y.ltrans0.ltrans.o
                0x1fff29e8                uxTopReadyPriority.5351
 .bss.xSchedulerRunning.5354
                0x1fff29ec        0x4 C:\Users\jlpe\AppData\Local\Temp\ccSnTr1Y.ltrans0.ltrans.o
                0x1fff29ec                xSchedulerRunning.5354
 .bss.uxPendedTicks.5365
                0x1fff29f0        0x4 C:\Users\jlpe\AppData\Local\Temp\ccSnTr1Y.ltrans0.ltrans.o
                0x1fff29f0                uxPendedTicks.5365
 .bss.xYieldPending.5357
                0x1fff29f4        0x4 C:\Users\jlpe\AppData\Local\Temp\ccSnTr1Y.ltrans0.ltrans.o
                0x1fff29f4                xYieldPending.5357
 .bss.xNumOfOverflows.5358
                0x1fff29f8        0x4 C:\Users\jlpe\AppData\Local\Temp\ccSnTr1Y.ltrans0.ltrans.o
                0x1fff29f8                xNumOfOverflows.5358
 .bss.uxTaskNumber.5361
                0x1fff29fc        0x4 C:\Users\jlpe\AppData\Local\Temp\ccSnTr1Y.ltrans0.ltrans.o
                0x1fff29fc                uxTaskNumber.5361
 .bss.xNextTaskUnblockTime.5363
                0x1fff2a00        0x4 C:\Users\jlpe\AppData\Local\Temp\ccSnTr1Y.ltrans0.ltrans.o
                0x1fff2a00                xNextTaskUnblockTime.5363
 .bss.xIdleTaskHandle.5362
                0x1fff2a04        0x4 C:\Users\jlpe\AppData\Local\Temp\ccSnTr1Y.ltrans0.ltrans.o
                0x1fff2a04                xIdleTaskHandle.5362
 .bss.uxSchedulerSuspended.5353
                0x1fff2a08        0x4 C:\Users\jlpe\AppData\Local\Temp\ccSnTr1Y.ltrans0.ltrans.o
                0x1fff2a08                uxSchedulerSuspended.5353
 .bss.xActiveTimerList1.5579
                0x1fff2a0c       0x14 C:\Users\jlpe\AppData\Local\Temp\ccSnTr1Y.ltrans0.ltrans.o
                0x1fff2a0c                xActiveTimerList1.5579
 .bss.xActiveTimerList2.5580
                0x1fff2a20       0x14 C:\Users\jlpe\AppData\Local\Temp\ccSnTr1Y.ltrans0.ltrans.o
                0x1fff2a20                xActiveTimerList2.5580
 .bss.pxCurrentTimerList.5576
                0x1fff2a34        0x4 C:\Users\jlpe\AppData\Local\Temp\ccSnTr1Y.ltrans0.ltrans.o
                0x1fff2a34                pxCurrentTimerList.5576
 .bss.pxOverflowTimerList.5577
                0x1fff2a38        0x4 C:\Users\jlpe\AppData\Local\Temp\ccSnTr1Y.ltrans0.ltrans.o
                0x1fff2a38                pxOverflowTimerList.5577
 .bss.xTimerQueue.5574
                0x1fff2a3c        0x4 C:\Users\jlpe\AppData\Local\Temp\ccSnTr1Y.ltrans0.ltrans.o
                0x1fff2a3c                xTimerQueue.5574
 .bss.xTimerTaskHandle.5575
                0x1fff2a40        0x4 C:\Users\jlpe\AppData\Local\Temp\ccSnTr1Y.ltrans0.ltrans.o
                0x1fff2a40                xTimerTaskHandle.5575
 .bss.xLastTime.4977.5578
                0x1fff2a44        0x4 C:\Users\jlpe\AppData\Local\Temp\ccSnTr1Y.ltrans0.ltrans.o
                0x1fff2a44                xLastTime.4977.5578
 .bss.g_xtal0Freq
                0x1fff2a48        0x4 C:\Users\jlpe\AppData\Local\Temp\ccSnTr1Y.ltrans0.ltrans.o
                0x1fff2a48                g_xtal0Freq
 .bss.g_xtal32Freq
                0x1fff2a4c        0x4 C:\Users\jlpe\AppData\Local\Temp\ccSnTr1Y.ltrans0.ltrans.o
                0x1fff2a4c                g_xtal32Freq
 .bss.g_dspiHandle.7147
                0x1fff2a50        0xc C:\Users\jlpe\AppData\Local\Temp\ccSnTr1Y.ltrans0.ltrans.o
                0x1fff2a50                g_dspiHandle.7147
 .bss.s_dspiMasterIsr.7155
                0x1fff2a5c        0x4 C:\Users\jlpe\AppData\Local\Temp\ccSnTr1Y.ltrans0.ltrans.o
                0x1fff2a5c                s_dspiMasterIsr.7155
 .bss.s_dspiSlaveIsr.7163
                0x1fff2a60        0x4 C:\Users\jlpe\AppData\Local\Temp\ccSnTr1Y.ltrans0.ltrans.o
                0x1fff2a60                s_dspiSlaveIsr.7163
 .bss.s_EDMAHandle.8073
                0x1fff2a64       0x40 C:\Users\jlpe\AppData\Local\Temp\ccSnTr1Y.ltrans0.ltrans.o
                0x1fff2a64                s_EDMAHandle.8073
 .bss.s_ENETHandle.8490
                0x1fff2aa4        0x4 C:\Users\jlpe\AppData\Local\Temp\ccSnTr1Y.ltrans0.ltrans.o
                0x1fff2aa4                s_ENETHandle.8490
 .bss.s_enetTxIsr.8491
                0x1fff2aa8        0x4 C:\Users\jlpe\AppData\Local\Temp\ccSnTr1Y.ltrans0.ltrans.o
                0x1fff2aa8                s_enetTxIsr.8491
 .bss.s_enetRxIsr.8493
                0x1fff2aac        0x4 C:\Users\jlpe\AppData\Local\Temp\ccSnTr1Y.ltrans0.ltrans.o
                0x1fff2aac                s_enetRxIsr.8493
 .bss.s_enetErrIsr.8494
                0x1fff2ab0        0x4 C:\Users\jlpe\AppData\Local\Temp\ccSnTr1Y.ltrans0.ltrans.o
                0x1fff2ab0                s_enetErrIsr.8494
 .bss.s_flexcanHandle.9419
                0x1fff2ab4        0x4 C:\Users\jlpe\AppData\Local\Temp\ccSnTr1Y.ltrans0.ltrans.o
                0x1fff2ab4                s_flexcanHandle.9419
 .bss.s_flexcanIsr.9420
                0x1fff2ab8        0x4 C:\Users\jlpe\AppData\Local\Temp\ccSnTr1Y.ltrans0.ltrans.o
                0x1fff2ab8                s_flexcanIsr.9420
 .bss.s_i2cHandle.10044
                0x1fff2abc        0xc C:\Users\jlpe\AppData\Local\Temp\ccSnTr1Y.ltrans0.ltrans.o
                0x1fff2abc                s_i2cHandle.10044
 .bss.s_i2cMasterIsr.10034
                0x1fff2ac8        0x4 C:\Users\jlpe\AppData\Local\Temp\ccSnTr1Y.ltrans0.ltrans.o
                0x1fff2ac8                s_i2cMasterIsr.10034
 .bss.s_i2cSlaveIsr.10036
                0x1fff2acc        0x4 C:\Users\jlpe\AppData\Local\Temp\ccSnTr1Y.ltrans0.ltrans.o
                0x1fff2acc                s_i2cSlaveIsr.10036
 .bss.s_saiHandle
                0x1fff2ad0        0x8 C:\Users\jlpe\AppData\Local\Temp\ccSnTr1Y.ltrans0.ltrans.o
                0x1fff2ad0                s_saiHandle
 .bss.s_saiTxIsr.11327
                0x1fff2ad8        0x4 C:\Users\jlpe\AppData\Local\Temp\ccSnTr1Y.ltrans0.ltrans.o
                0x1fff2ad8                s_saiTxIsr.11327
 .bss.s_saiRxIsr.11330
                0x1fff2adc        0x4 C:\Users\jlpe\AppData\Local\Temp\ccSnTr1Y.ltrans0.ltrans.o
                0x1fff2adc                s_saiRxIsr.11330
 .bss.s_sdhcHandle.12024
                0x1fff2ae0        0x4 C:\Users\jlpe\AppData\Local\Temp\ccSnTr1Y.ltrans0.ltrans.o
                0x1fff2ae0                s_sdhcHandle.12024
 .bss.s_sdhcIsr.12025
                0x1fff2ae4        0x4 C:\Users\jlpe\AppData\Local\Temp\ccSnTr1Y.ltrans0.ltrans.o
                0x1fff2ae4                s_sdhcIsr.12025
 .bss.s_uartHandle.12496
                0x1fff2ae8       0x18 C:\Users\jlpe\AppData\Local\Temp\ccSnTr1Y.ltrans0.ltrans.o
                0x1fff2ae8                s_uartHandle.12496
 .bss.s_uartIsr.12497
                0x1fff2b00        0x4 C:\Users\jlpe\AppData\Local\Temp\ccSnTr1Y.ltrans0.ltrans.o
                0x1fff2b00                s_uartIsr.12497
                0x1fff2c00                . = ALIGN (0x200)
 *fill*         0x1fff2b04       0xfc 
                0x1fff2c00                USB_RAM_START = .
                0x1fff2c00                . = (. + USB_RAM_GAP)
 *(COMMON)
                0x1fff2c00                . = ALIGN (0x4)
                0x1fff2c00                __bss_end__ = .
                0x1fff2c00                __END_BSS = .

.heap           0x20000000      0x400
                0x20000000                . = ALIGN (0x8)
                0x20000000                __end__ = .
                0x20000000                PROVIDE (end, .)
                0x20000000                __HeapBase = .
                0x20000400                . = (. + HEAP_SIZE)
 *fill*         0x20000000      0x400 
                0x20000400                __HeapLimit = .
                0x20000400                __heap_limit = .

.stack          0x20000400      0x400
                0x20000400                . = ALIGN (0x8)
                0x20000800                . = (. + STACK_SIZE)
 *fill*         0x20000400      0x400 

m_usb_bdt       0x1fff2c00        0x0
 *(m_usb_bdt)
                0x1fff2c00                USB_RAM_BDT_END = .

m_usb_global
 *(m_usb_global)
                0x20030000                __StackTop = (ORIGIN (m_data_2) + 0x30000)
                0x2002fc00                __StackLimit = (__StackTop - STACK_SIZE)
                0x20030000                PROVIDE (__stack, __StackTop)

.ARM.attributes
                0x00000000       0x30
 *(.ARM.attributes)
 .ARM.attributes
                0x00000000       0x22 c:/freescale/kds_v3/toolchain/bin/../lib/gcc/arm-none-eabi/4.8.4/armv7e-m/fpu/crti.o
 .ARM.attributes
                0x00000022       0x34 c:/freescale/kds_v3/toolchain/bin/../lib/gcc/arm-none-eabi/4.8.4/armv7e-m/fpu/crtbegin.o
 .ARM.attributes
                0x00000056       0x20 c:/freescale/kds_v3/toolchain/bin/../lib/gcc/arm-none-eabi/4.8.4/../../../../arm-none-eabi/lib/armv7e-m/fpu/crt0.o
 .ARM.attributes
                0x00000076       0x37 C:\Users\jlpe\AppData\Local\Temp\ccSnTr1Y.ltrans0.ltrans.o
 .ARM.attributes
                0x000000ad       0x37 C:\Users\jlpe\AppData\Local\Temp\ccSnTr1Y.ltrans1.ltrans.o
 .ARM.attributes
                0x000000e4       0x37 C:\Users\jlpe\AppData\Local\Temp\ccSnTr1Y.ltrans2.ltrans.o
 .ARM.attributes
                0x0000011b       0x37 C:\Users\jlpe\AppData\Local\Temp\ccSnTr1Y.ltrans4.ltrans.o
 .ARM.attributes
                0x00000152       0x37 C:\Users\jlpe\AppData\Local\Temp\ccSnTr1Y.ltrans7.ltrans.o
 .ARM.attributes
                0x00000189       0x37 C:\Users\jlpe\AppData\Local\Temp\ccSnTr1Y.ltrans8.ltrans.o
 .ARM.attributes
                0x000001c0       0x37 C:\Users\jlpe\AppData\Local\Temp\ccSnTr1Y.ltrans9.ltrans.o
 .ARM.attributes
                0x000001f7       0x37 C:\Users\jlpe\AppData\Local\Temp\ccSnTr1Y.ltrans11.ltrans.o
 .ARM.attributes
                0x0000022e       0x37 C:\Users\jlpe\AppData\Local\Temp\ccSnTr1Y.ltrans12.ltrans.o
 .ARM.attributes
                0x00000265       0x37 C:\Users\jlpe\AppData\Local\Temp\ccSnTr1Y.ltrans13.ltrans.o
 .ARM.attributes
                0x0000029c       0x37 C:\Users\jlpe\AppData\Local\Temp\ccSnTr1Y.ltrans15.ltrans.o
 .ARM.attributes
                0x000002d3       0x37 C:\Users\jlpe\AppData\Local\Temp\ccSnTr1Y.ltrans17.ltrans.o
 .ARM.attributes
                0x0000030a       0x37 C:\Users\jlpe\AppData\Local\Temp\ccSnTr1Y.ltrans18.ltrans.o
 .ARM.attributes
                0x00000341       0x37 C:\Users\jlpe\AppData\Local\Temp\ccSnTr1Y.ltrans19.ltrans.o
 .ARM.attributes
                0x00000378       0x37 C:\Users\jlpe\AppData\Local\Temp\ccSnTr1Y.ltrans20.ltrans.o
 .ARM.attributes
                0x000003af       0x37 C:\Users\jlpe\AppData\Local\Temp\ccSnTr1Y.ltrans21.ltrans.o
 .ARM.attributes
                0x000003e6       0x37 C:\Users\jlpe\AppData\Local\Temp\ccSnTr1Y.ltrans22.ltrans.o
 .ARM.attributes
                0x0000041d       0x37 C:\Users\jlpe\AppData\Local\Temp\ccSnTr1Y.ltrans23.ltrans.o
 .ARM.attributes
                0x00000454       0x37 C:\Users\jlpe\AppData\Local\Temp\ccSnTr1Y.ltrans24.ltrans.o
 .ARM.attributes
                0x0000048b       0x37 C:\Users\jlpe\AppData\Local\Temp\ccSnTr1Y.ltrans25.ltrans.o
 .ARM.attributes
                0x000004c2       0x34 c:/freescale/kds_v3/toolchain/bin/../lib/gcc/arm-none-eabi/4.8.4/../../../../arm-none-eabi/lib/armv7e-m/fpu\libg_s.a(lib_a-memcpy-stub.o)
 .ARM.attributes
                0x000004f6       0x34 c:/freescale/kds_v3/toolchain/bin/../lib/gcc/arm-none-eabi/4.8.4/../../../../arm-none-eabi/lib/armv7e-m/fpu\libg_s.a(lib_a-strlen.o)
 .ARM.attributes
                0x0000052a       0x1f ./startup/startup_MK64F12.o
 .ARM.attributes
                0x00000549       0x34 c:/freescale/kds_v3/toolchain/bin/../lib/gcc/arm-none-eabi/4.8.4/../../../../arm-none-eabi/lib/armv7e-m/fpu\libg_s.a(lib_a-exit.o)
 .ARM.attributes
                0x0000057d       0x34 c:/freescale/kds_v3/toolchain/bin/../lib/gcc/arm-none-eabi/4.8.4/../../../../arm-none-eabi/lib/armv7e-m/fpu\libg_s.a(lib_a-impure.o)
 .ARM.attributes
                0x000005b1       0x34 c:/freescale/kds_v3/toolchain/bin/../lib/gcc/arm-none-eabi/4.8.4/../../../../arm-none-eabi/lib/armv7e-m/fpu\libg_s.a(lib_a-init.o)
 .ARM.attributes
                0x000005e5       0x34 c:/freescale/kds_v3/toolchain/bin/../lib/gcc/arm-none-eabi/4.8.4/../../../../arm-none-eabi/lib/armv7e-m/fpu\libg_s.a(lib_a-memset.o)
 .ARM.attributes
                0x00000619       0x34 c:/freescale/kds_v3/toolchain/bin/../lib/gcc/arm-none-eabi/4.8.4/../../../../arm-none-eabi/lib/armv7e-m/fpu\libnosys.a(_exit.o)
 .ARM.attributes
                0x0000064d       0x34 c:/freescale/kds_v3/toolchain/bin/../lib/gcc/arm-none-eabi/4.8.4/armv7e-m/fpu/crtend.o
 .ARM.attributes
                0x00000681       0x22 c:/freescale/kds_v3/toolchain/bin/../lib/gcc/arm-none-eabi/4.8.4/armv7e-m/fpu/crtn.o
                0x00000001                ASSERT ((__StackLimit >= __HeapLimit), region m_data_2 overflowed with stack and heap)
OUTPUT(2TaskvTaskDelay.elf elf32-littlearm)

.debug_info     0x00000000    0x26fcb
 .debug_info    0x00000000     0xc11d C:\Users\jlpe\AppData\Local\Temp\ccSnTr1Y.ltrans0.ltrans.o
 .debug_info    0x0000c11d     0x12bb C:\Users\jlpe\AppData\Local\Temp\ccSnTr1Y.ltrans1.ltrans.o
 .debug_info    0x0000d3d8     0x1efe C:\Users\jlpe\AppData\Local\Temp\ccSnTr1Y.ltrans2.ltrans.o
 .debug_info    0x0000f2d6     0x1463 C:\Users\jlpe\AppData\Local\Temp\ccSnTr1Y.ltrans4.ltrans.o
 .debug_info    0x00010739     0x13d7 C:\Users\jlpe\AppData\Local\Temp\ccSnTr1Y.ltrans7.ltrans.o
 .debug_info    0x00011b10     0x1e13 C:\Users\jlpe\AppData\Local\Temp\ccSnTr1Y.ltrans8.ltrans.o
 .debug_info    0x00013923     0x1737 C:\Users\jlpe\AppData\Local\Temp\ccSnTr1Y.ltrans9.ltrans.o
 .debug_info    0x0001505a     0x1f54 C:\Users\jlpe\AppData\Local\Temp\ccSnTr1Y.ltrans11.ltrans.o
 .debug_info    0x00016fae     0x1b4d C:\Users\jlpe\AppData\Local\Temp\ccSnTr1Y.ltrans12.ltrans.o
 .debug_info    0x00018afb     0x14bb C:\Users\jlpe\AppData\Local\Temp\ccSnTr1Y.ltrans13.ltrans.o
 .debug_info    0x00019fb6     0x13c2 C:\Users\jlpe\AppData\Local\Temp\ccSnTr1Y.ltrans15.ltrans.o
 .debug_info    0x0001b378     0x1cec C:\Users\jlpe\AppData\Local\Temp\ccSnTr1Y.ltrans17.ltrans.o
 .debug_info    0x0001d064     0x1451 C:\Users\jlpe\AppData\Local\Temp\ccSnTr1Y.ltrans18.ltrans.o
 .debug_info    0x0001e4b5      0xc26 C:\Users\jlpe\AppData\Local\Temp\ccSnTr1Y.ltrans19.ltrans.o
 .debug_info    0x0001f0db     0x1806 C:\Users\jlpe\AppData\Local\Temp\ccSnTr1Y.ltrans20.ltrans.o
 .debug_info    0x000208e1     0x1935 C:\Users\jlpe\AppData\Local\Temp\ccSnTr1Y.ltrans21.ltrans.o
 .debug_info    0x00022216     0x15bd C:\Users\jlpe\AppData\Local\Temp\ccSnTr1Y.ltrans22.ltrans.o
 .debug_info    0x000237d3     0x1a6f C:\Users\jlpe\AppData\Local\Temp\ccSnTr1Y.ltrans23.ltrans.o
 .debug_info    0x00025242      0xb82 C:\Users\jlpe\AppData\Local\Temp\ccSnTr1Y.ltrans24.ltrans.o
 .debug_info    0x00025dc4     0x1191 C:\Users\jlpe\AppData\Local\Temp\ccSnTr1Y.ltrans25.ltrans.o
 .debug_info    0x00026f55       0x76 ./startup/startup_MK64F12.o

.debug_abbrev   0x00000000     0x3b7a
 .debug_abbrev  0x00000000      0x529 C:\Users\jlpe\AppData\Local\Temp\ccSnTr1Y.ltrans0.ltrans.o
 .debug_abbrev  0x00000529      0x2b1 C:\Users\jlpe\AppData\Local\Temp\ccSnTr1Y.ltrans1.ltrans.o
 .debug_abbrev  0x000007da      0x37e C:\Users\jlpe\AppData\Local\Temp\ccSnTr1Y.ltrans2.ltrans.o
 .debug_abbrev  0x00000b58      0x28a C:\Users\jlpe\AppData\Local\Temp\ccSnTr1Y.ltrans4.ltrans.o
 .debug_abbrev  0x00000de2      0x2c9 C:\Users\jlpe\AppData\Local\Temp\ccSnTr1Y.ltrans7.ltrans.o
 .debug_abbrev  0x000010ab      0x3a8 C:\Users\jlpe\AppData\Local\Temp\ccSnTr1Y.ltrans8.ltrans.o
 .debug_abbrev  0x00001453      0x281 C:\Users\jlpe\AppData\Local\Temp\ccSnTr1Y.ltrans9.ltrans.o
 .debug_abbrev  0x000016d4      0x31d C:\Users\jlpe\AppData\Local\Temp\ccSnTr1Y.ltrans11.ltrans.o
 .debug_abbrev  0x000019f1      0x21b C:\Users\jlpe\AppData\Local\Temp\ccSnTr1Y.ltrans12.ltrans.o
 .debug_abbrev  0x00001c0c      0x277 C:\Users\jlpe\AppData\Local\Temp\ccSnTr1Y.ltrans13.ltrans.o
 .debug_abbrev  0x00001e83      0x2a2 C:\Users\jlpe\AppData\Local\Temp\ccSnTr1Y.ltrans15.ltrans.o
 .debug_abbrev  0x00002125      0x2fd C:\Users\jlpe\AppData\Local\Temp\ccSnTr1Y.ltrans17.ltrans.o
 .debug_abbrev  0x00002422      0x226 C:\Users\jlpe\AppData\Local\Temp\ccSnTr1Y.ltrans18.ltrans.o
 .debug_abbrev  0x00002648      0x1fe C:\Users\jlpe\AppData\Local\Temp\ccSnTr1Y.ltrans19.ltrans.o
 .debug_abbrev  0x00002846      0x3f8 C:\Users\jlpe\AppData\Local\Temp\ccSnTr1Y.ltrans20.ltrans.o
 .debug_abbrev  0x00002c3e      0x328 C:\Users\jlpe\AppData\Local\Temp\ccSnTr1Y.ltrans21.ltrans.o
 .debug_abbrev  0x00002f66      0x2e1 C:\Users\jlpe\AppData\Local\Temp\ccSnTr1Y.ltrans22.ltrans.o
 .debug_abbrev  0x00003247      0x2b6 C:\Users\jlpe\AppData\Local\Temp\ccSnTr1Y.ltrans23.ltrans.o
 .debug_abbrev  0x000034fd      0x33a C:\Users\jlpe\AppData\Local\Temp\ccSnTr1Y.ltrans24.ltrans.o
 .debug_abbrev  0x00003837      0x32f C:\Users\jlpe\AppData\Local\Temp\ccSnTr1Y.ltrans25.ltrans.o
 .debug_abbrev  0x00003b66       0x14 ./startup/startup_MK64F12.o

.debug_aranges  0x00000000     0x18f0
 .debug_aranges
                0x00000000      0x188 C:\Users\jlpe\AppData\Local\Temp\ccSnTr1Y.ltrans0.ltrans.o
 .debug_aranges
                0x00000188      0x120 C:\Users\jlpe\AppData\Local\Temp\ccSnTr1Y.ltrans1.ltrans.o
 .debug_aranges
                0x000002a8      0x160 C:\Users\jlpe\AppData\Local\Temp\ccSnTr1Y.ltrans2.ltrans.o
 .debug_aranges
                0x00000408       0xe8 C:\Users\jlpe\AppData\Local\Temp\ccSnTr1Y.ltrans4.ltrans.o
 .debug_aranges
                0x000004f0       0xf0 C:\Users\jlpe\AppData\Local\Temp\ccSnTr1Y.ltrans7.ltrans.o
 .debug_aranges
                0x000005e0      0x170 C:\Users\jlpe\AppData\Local\Temp\ccSnTr1Y.ltrans8.ltrans.o
 .debug_aranges
                0x00000750      0x108 C:\Users\jlpe\AppData\Local\Temp\ccSnTr1Y.ltrans9.ltrans.o
 .debug_aranges
                0x00000858      0x158 C:\Users\jlpe\AppData\Local\Temp\ccSnTr1Y.ltrans11.ltrans.o
 .debug_aranges
                0x000009b0      0x1a0 C:\Users\jlpe\AppData\Local\Temp\ccSnTr1Y.ltrans12.ltrans.o
 .debug_aranges
                0x00000b50      0x110 C:\Users\jlpe\AppData\Local\Temp\ccSnTr1Y.ltrans13.ltrans.o
 .debug_aranges
                0x00000c60       0xd8 C:\Users\jlpe\AppData\Local\Temp\ccSnTr1Y.ltrans15.ltrans.o
 .debug_aranges
                0x00000d38      0x1c8 C:\Users\jlpe\AppData\Local\Temp\ccSnTr1Y.ltrans17.ltrans.o
 .debug_aranges
                0x00000f00      0x140 C:\Users\jlpe\AppData\Local\Temp\ccSnTr1Y.ltrans18.ltrans.o
 .debug_aranges
                0x00001040      0x100 C:\Users\jlpe\AppData\Local\Temp\ccSnTr1Y.ltrans19.ltrans.o
 .debug_aranges
                0x00001140      0x198 C:\Users\jlpe\AppData\Local\Temp\ccSnTr1Y.ltrans20.ltrans.o
 .debug_aranges
                0x000012d8      0x180 C:\Users\jlpe\AppData\Local\Temp\ccSnTr1Y.ltrans21.ltrans.o
 .debug_aranges
                0x00001458      0x160 C:\Users\jlpe\AppData\Local\Temp\ccSnTr1Y.ltrans22.ltrans.o
 .debug_aranges
                0x000015b8      0x150 C:\Users\jlpe\AppData\Local\Temp\ccSnTr1Y.ltrans23.ltrans.o
 .debug_aranges
                0x00001708       0xf0 C:\Users\jlpe\AppData\Local\Temp\ccSnTr1Y.ltrans24.ltrans.o
 .debug_aranges
                0x000017f8       0xd8 C:\Users\jlpe\AppData\Local\Temp\ccSnTr1Y.ltrans25.ltrans.o
 .debug_aranges
                0x000018d0       0x20 ./startup/startup_MK64F12.o

.debug_ranges   0x00000000     0x17c0
 .debug_ranges  0x00000000      0x178 C:\Users\jlpe\AppData\Local\Temp\ccSnTr1Y.ltrans0.ltrans.o
 .debug_ranges  0x00000178      0x110 C:\Users\jlpe\AppData\Local\Temp\ccSnTr1Y.ltrans1.ltrans.o
 .debug_ranges  0x00000288      0x150 C:\Users\jlpe\AppData\Local\Temp\ccSnTr1Y.ltrans2.ltrans.o
 .debug_ranges  0x000003d8       0xd8 C:\Users\jlpe\AppData\Local\Temp\ccSnTr1Y.ltrans4.ltrans.o
 .debug_ranges  0x000004b0       0xf8 C:\Users\jlpe\AppData\Local\Temp\ccSnTr1Y.ltrans7.ltrans.o
 .debug_ranges  0x000005a8      0x160 C:\Users\jlpe\AppData\Local\Temp\ccSnTr1Y.ltrans8.ltrans.o
 .debug_ranges  0x00000708       0xf8 C:\Users\jlpe\AppData\Local\Temp\ccSnTr1Y.ltrans9.ltrans.o
 .debug_ranges  0x00000800      0x148 C:\Users\jlpe\AppData\Local\Temp\ccSnTr1Y.ltrans11.ltrans.o
 .debug_ranges  0x00000948      0x190 C:\Users\jlpe\AppData\Local\Temp\ccSnTr1Y.ltrans12.ltrans.o
 .debug_ranges  0x00000ad8      0x100 C:\Users\jlpe\AppData\Local\Temp\ccSnTr1Y.ltrans13.ltrans.o
 .debug_ranges  0x00000bd8       0xc8 C:\Users\jlpe\AppData\Local\Temp\ccSnTr1Y.ltrans15.ltrans.o
 .debug_ranges  0x00000ca0      0x1b8 C:\Users\jlpe\AppData\Local\Temp\ccSnTr1Y.ltrans17.ltrans.o
 .debug_ranges  0x00000e58      0x130 C:\Users\jlpe\AppData\Local\Temp\ccSnTr1Y.ltrans18.ltrans.o
 .debug_ranges  0x00000f88       0xf0 C:\Users\jlpe\AppData\Local\Temp\ccSnTr1Y.ltrans19.ltrans.o
 .debug_ranges  0x00001078      0x188 C:\Users\jlpe\AppData\Local\Temp\ccSnTr1Y.ltrans20.ltrans.o
 .debug_ranges  0x00001200      0x188 C:\Users\jlpe\AppData\Local\Temp\ccSnTr1Y.ltrans21.ltrans.o
 .debug_ranges  0x00001388      0x150 C:\Users\jlpe\AppData\Local\Temp\ccSnTr1Y.ltrans22.ltrans.o
 .debug_ranges  0x000014d8      0x140 C:\Users\jlpe\AppData\Local\Temp\ccSnTr1Y.ltrans23.ltrans.o
 .debug_ranges  0x00001618       0xe0 C:\Users\jlpe\AppData\Local\Temp\ccSnTr1Y.ltrans24.ltrans.o
 .debug_ranges  0x000016f8       0xc8 C:\Users\jlpe\AppData\Local\Temp\ccSnTr1Y.ltrans25.ltrans.o

.debug_line     0x00000000     0x7df9
 .debug_line    0x00000000      0xbf5 C:\Users\jlpe\AppData\Local\Temp\ccSnTr1Y.ltrans0.ltrans.o
 .debug_line    0x00000bf5      0x4dc C:\Users\jlpe\AppData\Local\Temp\ccSnTr1Y.ltrans1.ltrans.o
 .debug_line    0x000010d1      0x6db C:\Users\jlpe\AppData\Local\Temp\ccSnTr1Y.ltrans2.ltrans.o
 .debug_line    0x000017ac      0x419 C:\Users\jlpe\AppData\Local\Temp\ccSnTr1Y.ltrans4.ltrans.o
 .debug_line    0x00001bc5      0x4ca C:\Users\jlpe\AppData\Local\Temp\ccSnTr1Y.ltrans7.ltrans.o
 .debug_line    0x0000208f      0x6c5 C:\Users\jlpe\AppData\Local\Temp\ccSnTr1Y.ltrans8.ltrans.o
 .debug_line    0x00002754      0x4b0 C:\Users\jlpe\AppData\Local\Temp\ccSnTr1Y.ltrans9.ltrans.o
 .debug_line    0x00002c04      0x688 C:\Users\jlpe\AppData\Local\Temp\ccSnTr1Y.ltrans11.ltrans.o
 .debug_line    0x0000328c      0x5ee C:\Users\jlpe\AppData\Local\Temp\ccSnTr1Y.ltrans12.ltrans.o
 .debug_line    0x0000387a      0x455 C:\Users\jlpe\AppData\Local\Temp\ccSnTr1Y.ltrans13.ltrans.o
 .debug_line    0x00003ccf      0x508 C:\Users\jlpe\AppData\Local\Temp\ccSnTr1Y.ltrans15.ltrans.o
 .debug_line    0x000041d7      0x6cd C:\Users\jlpe\AppData\Local\Temp\ccSnTr1Y.ltrans17.ltrans.o
 .debug_line    0x000048a4      0x4c7 C:\Users\jlpe\AppData\Local\Temp\ccSnTr1Y.ltrans18.ltrans.o
 .debug_line    0x00004d6b      0x451 C:\Users\jlpe\AppData\Local\Temp\ccSnTr1Y.ltrans19.ltrans.o
 .debug_line    0x000051bc      0x6df C:\Users\jlpe\AppData\Local\Temp\ccSnTr1Y.ltrans20.ltrans.o
 .debug_line    0x0000589b      0x7b2 C:\Users\jlpe\AppData\Local\Temp\ccSnTr1Y.ltrans21.ltrans.o
 .debug_line    0x0000604d      0x759 C:\Users\jlpe\AppData\Local\Temp\ccSnTr1Y.ltrans22.ltrans.o
 .debug_line    0x000067a6      0x8e0 C:\Users\jlpe\AppData\Local\Temp\ccSnTr1Y.ltrans23.ltrans.o
 .debug_line    0x00007086      0x59d C:\Users\jlpe\AppData\Local\Temp\ccSnTr1Y.ltrans24.ltrans.o
 .debug_line    0x00007623      0x664 C:\Users\jlpe\AppData\Local\Temp\ccSnTr1Y.ltrans25.ltrans.o
 .debug_line    0x00007c87      0x172 ./startup/startup_MK64F12.o

.debug_str      0x00000000    0x11ab4
 .debug_str     0x00000000     0xb65f C:\Users\jlpe\AppData\Local\Temp\ccSnTr1Y.ltrans0.ltrans.o
                               0xb90c (size before relaxing)
 .debug_str     0x0000b65f      0x2d0 C:\Users\jlpe\AppData\Local\Temp\ccSnTr1Y.ltrans1.ltrans.o
                                0xc3a (size before relaxing)
 .debug_str     0x0000b92f      0x5a6 C:\Users\jlpe\AppData\Local\Temp\ccSnTr1Y.ltrans2.ltrans.o
                               0x1afa (size before relaxing)
 .debug_str     0x0000bed5      0x1f6 C:\Users\jlpe\AppData\Local\Temp\ccSnTr1Y.ltrans4.ltrans.o
                                0xb91 (size before relaxing)
 .debug_str     0x0000c0cb      0x26c C:\Users\jlpe\AppData\Local\Temp\ccSnTr1Y.ltrans7.ltrans.o
                                0xdca (size before relaxing)
 .debug_str     0x0000c337      0x5df C:\Users\jlpe\AppData\Local\Temp\ccSnTr1Y.ltrans8.ltrans.o
                               0x1ca8 (size before relaxing)
 .debug_str     0x0000c916      0x188 C:\Users\jlpe\AppData\Local\Temp\ccSnTr1Y.ltrans9.ltrans.o
                               0x1328 (size before relaxing)
 .debug_str     0x0000ca9e      0xe81 C:\Users\jlpe\AppData\Local\Temp\ccSnTr1Y.ltrans11.ltrans.o
                               0x1cd2 (size before relaxing)
 .debug_str     0x0000d91f      0x495 C:\Users\jlpe\AppData\Local\Temp\ccSnTr1Y.ltrans12.ltrans.o
                               0x1919 (size before relaxing)
 .debug_str     0x0000ddb4      0x137 C:\Users\jlpe\AppData\Local\Temp\ccSnTr1Y.ltrans13.ltrans.o
                               0x1051 (size before relaxing)
 .debug_str     0x0000deeb      0x34c C:\Users\jlpe\AppData\Local\Temp\ccSnTr1Y.ltrans15.ltrans.o
                               0x1006 (size before relaxing)
 .debug_str     0x0000e237      0x657 C:\Users\jlpe\AppData\Local\Temp\ccSnTr1Y.ltrans17.ltrans.o
                               0x1c6b (size before relaxing)
 .debug_str     0x0000e88e      0x39a C:\Users\jlpe\AppData\Local\Temp\ccSnTr1Y.ltrans18.ltrans.o
                               0x1445 (size before relaxing)
 .debug_str     0x0000ec28      0x3f2 C:\Users\jlpe\AppData\Local\Temp\ccSnTr1Y.ltrans19.ltrans.o
                                0xa46 (size before relaxing)
 .debug_str     0x0000f01a      0xba6 C:\Users\jlpe\AppData\Local\Temp\ccSnTr1Y.ltrans20.ltrans.o
                               0x189f (size before relaxing)
 .debug_str     0x0000fbc0      0x8e1 C:\Users\jlpe\AppData\Local\Temp\ccSnTr1Y.ltrans21.ltrans.o
                                0xee5 (size before relaxing)
 .debug_str     0x000104a1      0x682 C:\Users\jlpe\AppData\Local\Temp\ccSnTr1Y.ltrans22.ltrans.o
                                0xc0b (size before relaxing)
 .debug_str     0x00010b23      0x5ea C:\Users\jlpe\AppData\Local\Temp\ccSnTr1Y.ltrans23.ltrans.o
                                0xad1 (size before relaxing)
 .debug_str     0x0001110d      0x371 C:\Users\jlpe\AppData\Local\Temp\ccSnTr1Y.ltrans24.ltrans.o
                                0x82b (size before relaxing)
 .debug_str     0x0001147e      0x636 C:\Users\jlpe\AppData\Local\Temp\ccSnTr1Y.ltrans25.ltrans.o
                                0xd11 (size before relaxing)

.comment        0x00000000       0x70
 .comment       0x00000000       0x70 C:\Users\jlpe\AppData\Local\Temp\ccSnTr1Y.ltrans0.ltrans.o
                                 0x71 (size before relaxing)
 .comment       0x00000000       0x71 C:\Users\jlpe\AppData\Local\Temp\ccSnTr1Y.ltrans1.ltrans.o
 .comment       0x00000000       0x71 C:\Users\jlpe\AppData\Local\Temp\ccSnTr1Y.ltrans2.ltrans.o
 .comment       0x00000000       0x71 C:\Users\jlpe\AppData\Local\Temp\ccSnTr1Y.ltrans4.ltrans.o
 .comment       0x00000000       0x71 C:\Users\jlpe\AppData\Local\Temp\ccSnTr1Y.ltrans7.ltrans.o
 .comment       0x00000000       0x71 C:\Users\jlpe\AppData\Local\Temp\ccSnTr1Y.ltrans8.ltrans.o
 .comment       0x00000000       0x71 C:\Users\jlpe\AppData\Local\Temp\ccSnTr1Y.ltrans9.ltrans.o
 .comment       0x00000000       0x71 C:\Users\jlpe\AppData\Local\Temp\ccSnTr1Y.ltrans11.ltrans.o
 .comment       0x00000000       0x71 C:\Users\jlpe\AppData\Local\Temp\ccSnTr1Y.ltrans12.ltrans.o
 .comment       0x00000000       0x71 C:\Users\jlpe\AppData\Local\Temp\ccSnTr1Y.ltrans13.ltrans.o
 .comment       0x00000000       0x71 C:\Users\jlpe\AppData\Local\Temp\ccSnTr1Y.ltrans15.ltrans.o
 .comment       0x00000000       0x71 C:\Users\jlpe\AppData\Local\Temp\ccSnTr1Y.ltrans17.ltrans.o
 .comment       0x00000000       0x71 C:\Users\jlpe\AppData\Local\Temp\ccSnTr1Y.ltrans18.ltrans.o
 .comment       0x00000000       0x71 C:\Users\jlpe\AppData\Local\Temp\ccSnTr1Y.ltrans19.ltrans.o
 .comment       0x00000000       0x71 C:\Users\jlpe\AppData\Local\Temp\ccSnTr1Y.ltrans20.ltrans.o
 .comment       0x00000000       0x71 C:\Users\jlpe\AppData\Local\Temp\ccSnTr1Y.ltrans21.ltrans.o
 .comment       0x00000000       0x71 C:\Users\jlpe\AppData\Local\Temp\ccSnTr1Y.ltrans22.ltrans.o
 .comment       0x00000000       0x71 C:\Users\jlpe\AppData\Local\Temp\ccSnTr1Y.ltrans23.ltrans.o
 .comment       0x00000000       0x71 C:\Users\jlpe\AppData\Local\Temp\ccSnTr1Y.ltrans24.ltrans.o
 .comment       0x00000000       0x71 C:\Users\jlpe\AppData\Local\Temp\ccSnTr1Y.ltrans25.ltrans.o

.debug_frame    0x00000000     0x5878
 .debug_frame   0x00000000      0x584 C:\Users\jlpe\AppData\Local\Temp\ccSnTr1Y.ltrans0.ltrans.o
 .debug_frame   0x00000584      0x3ec C:\Users\jlpe\AppData\Local\Temp\ccSnTr1Y.ltrans1.ltrans.o
 .debug_frame   0x00000970      0x4d8 C:\Users\jlpe\AppData\Local\Temp\ccSnTr1Y.ltrans2.ltrans.o
 .debug_frame   0x00000e48      0x330 C:\Users\jlpe\AppData\Local\Temp\ccSnTr1Y.ltrans4.ltrans.o
 .debug_frame   0x00001178      0x34c C:\Users\jlpe\AppData\Local\Temp\ccSnTr1Y.ltrans7.ltrans.o
 .debug_frame   0x000014c4      0x524 C:\Users\jlpe\AppData\Local\Temp\ccSnTr1Y.ltrans8.ltrans.o
 .debug_frame   0x000019e8      0x3bc C:\Users\jlpe\AppData\Local\Temp\ccSnTr1Y.ltrans9.ltrans.o
 .debug_frame   0x00001da4      0x4e4 C:\Users\jlpe\AppData\Local\Temp\ccSnTr1Y.ltrans11.ltrans.o
 .debug_frame   0x00002288      0x5a4 C:\Users\jlpe\AppData\Local\Temp\ccSnTr1Y.ltrans12.ltrans.o
 .debug_frame   0x0000282c      0x3ec C:\Users\jlpe\AppData\Local\Temp\ccSnTr1Y.ltrans13.ltrans.o
 .debug_frame   0x00002c18      0x2d8 C:\Users\jlpe\AppData\Local\Temp\ccSnTr1Y.ltrans15.ltrans.o
 .debug_frame   0x00002ef0      0x644 C:\Users\jlpe\AppData\Local\Temp\ccSnTr1Y.ltrans17.ltrans.o
 .debug_frame   0x00003534      0x468 C:\Users\jlpe\AppData\Local\Temp\ccSnTr1Y.ltrans18.ltrans.o
 .debug_frame   0x0000399c      0x35c C:\Users\jlpe\AppData\Local\Temp\ccSnTr1Y.ltrans19.ltrans.o
 .debug_frame   0x00003cf8      0x5a4 C:\Users\jlpe\AppData\Local\Temp\ccSnTr1Y.ltrans20.ltrans.o
 .debug_frame   0x0000429c      0x564 C:\Users\jlpe\AppData\Local\Temp\ccSnTr1Y.ltrans21.ltrans.o
 .debug_frame   0x00004800      0x4f0 C:\Users\jlpe\AppData\Local\Temp\ccSnTr1Y.ltrans22.ltrans.o
 .debug_frame   0x00004cf0      0x4a0 C:\Users\jlpe\AppData\Local\Temp\ccSnTr1Y.ltrans23.ltrans.o
 .debug_frame   0x00005190      0x300 C:\Users\jlpe\AppData\Local\Temp\ccSnTr1Y.ltrans24.ltrans.o
 .debug_frame   0x00005490      0x30c C:\Users\jlpe\AppData\Local\Temp\ccSnTr1Y.ltrans25.ltrans.o
 .debug_frame   0x0000579c       0x28 c:/freescale/kds_v3/toolchain/bin/../lib/gcc/arm-none-eabi/4.8.4/../../../../arm-none-eabi/lib/armv7e-m/fpu\libg_s.a(lib_a-memcpy-stub.o)
 .debug_frame   0x000057c4       0x20 c:/freescale/kds_v3/toolchain/bin/../lib/gcc/arm-none-eabi/4.8.4/../../../../arm-none-eabi/lib/armv7e-m/fpu\libg_s.a(lib_a-strlen.o)
 .debug_frame   0x000057e4       0x28 c:/freescale/kds_v3/toolchain/bin/../lib/gcc/arm-none-eabi/4.8.4/../../../../arm-none-eabi/lib/armv7e-m/fpu\libg_s.a(lib_a-exit.o)