13:41:33 **** Incremental Build of configuration Debug for project 0215_miniRTOS ****
make -r -j4 all 
Building target: 0215_miniRTOS.axf
Invoking: MCU Linker
arm-none-eabi-gcc -nostdlib -Xlinker -print-memory-usage -Xlinker --gc-sections -Xlinker -Map="0215_miniRTOS.map" -mcpu=cortex-m4 -mfpu=fpv4-sp-d16 -mfloat-abi=hard -mthumb -T 0215_miniRTOS_Debug.ld -o "0215_miniRTOS.axf"  ./utilities/fsl_debug_console.o ./utilities/fsl_io.o ./utilities/fsl_log.o ./utilities/fsl_str.o  ./startup/startup_mk64f12.o  ./source/rtos.o ./source/rtos_main.o ./source/semihost_hardfault.o  ./drivers/fsl_clock.o ./drivers/fsl_common.o ./drivers/fsl_flash.o ./drivers/fsl_gpio.o ./drivers/fsl_pit.o ./drivers/fsl_rtc.o ./drivers/fsl_smc.o ./drivers/fsl_uart.o  ./board/board.o ./board/clock_config.o ./board/peripherals.o ./board/pin_mux.o  ./CMSIS/system_MK64F12.o   
Memory region         Used Size  Region Size  %age Used
   PROGRAM_FLASH:       32032 B         1 MB      3.05%
      SRAM_UPPER:       13724 B       192 KB      6.98%
      SRAM_LOWER:          0 GB        64 KB      0.00%
        FLEX_RAM:          0 GB         4 KB      0.00%
Finished building target: 0215_miniRTOS.axf
 
make --no-print-directory post-build
Performing post-build steps
arm-none-eabi-size "0215_miniRTOS.axf"; # arm-none-eabi-objcopy -v -O binary "0215_miniRTOS.axf" "0215_miniRTOS.bin" ; # checksum -p MK64FN1M0xxx12 -d "0215_miniRTOS.bin";
   text	   data	    bss	    dec	    hex	filename
  32020	     12	  13708	  45740	   b2ac	0215_miniRTOS.axf
 

13:41:34 Build Finished (took 1s.123ms)

