22:31:18 **** Incremental Build of configuration Debug for project 0201_IMU_ ****
make -r -j4 all 
make: Nothing to be done for `all'.
22:32:49 **** Incremental Build of configuration Debug for project 0201_IMU_ ****
make -r -j4 all 
make: Nothing to be done for `all'.
22:32:52 **** Incremental Build of configuration Debug for project 0201_IMU_ ****
make -r -j4 all 
make: Nothing to be done for `all'.
22:35:56 **** Incremental Build of configuration Debug for project 0201_IMU_ ****
make -r -j4 all 
Building file: ../source/0201_IMU_.c
Invoking: MCU C Compiler
arm-none-eabi-gcc -D__REDLIB__ -DPRINTF_FLOAT_ENABLE=0 -D__USE_CMSIS -DCR_INTEGER_PRINTF -DSDK_DEBUGCONSOLE=1 -D__MCUXPRESSO -DDEBUG -DSDK_OS_BAREMETAL -DFSL_RTOS_BM -DCPU_MK64FN1M0VLL12 -DCPU_MK64FN1M0VLL12_cm4 -I"C:\SEBMII\0201_IMU_\board" -I"C:\SEBMII\0201_IMU_\source" -I"C:\SEBMII\0201_IMU_" -I"C:\SEBMII\0201_IMU_\drivers" -I"C:\SEBMII\0201_IMU_\CMSIS" -I"C:\SEBMII\0201_IMU_\utilities" -I"C:\SEBMII\0201_IMU_\startup" -O0 -fno-common -g3 -Wall -c -fmessage-length=0 -mcpu=cortex-m4 -mfpu=fpv4-sp-d16 -mfloat-abi=hard -mthumb -D__REDLIB__ -specs=redlib.specs -MMD -MP -MF"source/0201_IMU_.d" -MT"source/0201_IMU_.o" -MT"source/0201_IMU_.d" -o "source/0201_IMU_.o" "../source/0201_IMU_.c"
Finished building: ../source/0201_IMU_.c
 
Building target: 0201_IMU_.axf
Invoking: MCU Linker
arm-none-eabi-gcc -nostdlib -Xlinker -print-memory-usage -Xlinker --gc-sections -Xlinker -Map="0201_IMU_.map" -mcpu=cortex-m4 -mfpu=fpv4-sp-d16 -mfloat-abi=hard -mthumb -T 0201_IMU_Debug.ld -o "0201_IMU_.axf"  ./utilities/fsl_debug_console.o ./utilities/fsl_io.o ./utilities/fsl_log.o ./utilities/fsl_str.o  ./startup/startup_mk64f12.o  ./source/0201_IMU_.o ./source/semihost_hardfault.o  ./drivers/fsl_clock.o ./drivers/fsl_common.o ./drivers/fsl_flash.o ./drivers/fsl_gpio.o ./drivers/fsl_i2c.o ./drivers/fsl_pit.o ./drivers/fsl_smc.o ./drivers/fsl_uart.o  ./board/board.o ./board/clock_config.o ./board/peripherals.o ./board/pin_mux.o  ./CMSIS/system_MK64F12.o   
Memory region         Used Size  Region Size  %age Used
   PROGRAM_FLASH:       39820 B         1 MB      3.80%
      SRAM_UPPER:        8628 B       192 KB      4.39%
      SRAM_LOWER:          0 GB        64 KB      0.00%
        FLEX_RAM:          0 GB         4 KB      0.00%
Finished building target: 0201_IMU_.axf
 
make --no-print-directory post-build
Performing post-build steps
arm-none-eabi-size "0201_IMU_.axf"; # arm-none-eabi-objcopy -v -O binary "0201_IMU_.axf" "0201_IMU_.bin" ; # checksum -p MK64FN1M0xxx12 -d "0201_IMU_.bin";
   text	   data	    bss	    dec	    hex	filename
  39808	     12	   8616	  48436	   bd34	0201_IMU_.axf
 
22:36:01 **** Incremental Build of configuration Debug for project 0201_IMU_ ****
make -r -j4 all 
make: Nothing to be done for `all'.
22:37:26 **** Incremental Build of configuration Debug for project 0201_IMU_ ****
make -r -j4 all 
Building file: ../source/0201_IMU_.c
Invoking: MCU C Compiler
arm-none-eabi-gcc -D__REDLIB__ -DPRINTF_FLOAT_ENABLE=0 -D__USE_CMSIS -DCR_INTEGER_PRINTF -DSDK_DEBUGCONSOLE=1 -D__MCUXPRESSO -DDEBUG -DSDK_OS_BAREMETAL -DFSL_RTOS_BM -DCPU_MK64FN1M0VLL12 -DCPU_MK64FN1M0VLL12_cm4 -I"C:\SEBMII\0201_IMU_\board" -I"C:\SEBMII\0201_IMU_\source" -I"C:\SEBMII\0201_IMU_" -I"C:\SEBMII\0201_IMU_\drivers" -I"C:\SEBMII\0201_IMU_\CMSIS" -I"C:\SEBMII\0201_IMU_\utilities" -I"C:\SEBMII\0201_IMU_\startup" -O0 -fno-common -g3 -Wall -c -fmessage-length=0 -mcpu=cortex-m4 -mfpu=fpv4-sp-d16 -mfloat-abi=hard -mthumb -D__REDLIB__ -specs=redlib.specs -MMD -MP -MF"source/0201_IMU_.d" -MT"source/0201_IMU_.o" -MT"source/0201_IMU_.d" -o "source/0201_IMU_.o" "../source/0201_IMU_.c"
Finished building: ../source/0201_IMU_.c
 
Building target: 0201_IMU_.axf
Invoking: MCU Linker
arm-none-eabi-gcc -nostdlib -Xlinker -print-memory-usage -Xlinker --gc-sections -Xlinker -Map="0201_IMU_.map" -mcpu=cortex-m4 -mfpu=fpv4-sp-d16 -mfloat-abi=hard -mthumb -T 0201_IMU_Debug.ld -o "0201_IMU_.axf"  ./utilities/fsl_debug_console.o ./utilities/fsl_io.o ./utilities/fsl_log.o ./utilities/fsl_str.o  ./startup/startup_mk64f12.o  ./source/0201_IMU_.o ./source/semihost_hardfault.o  ./drivers/fsl_clock.o ./drivers/fsl_common.o ./drivers/fsl_flash.o ./drivers/fsl_gpio.o ./drivers/fsl_i2c.o ./drivers/fsl_pit.o ./drivers/fsl_smc.o ./drivers/fsl_uart.o  ./board/board.o ./board/clock_config.o ./board/peripherals.o ./board/pin_mux.o  ./CMSIS/system_MK64F12.o   
Memory region         Used Size  Region Size  %age Used
   PROGRAM_FLASH:       39820 B         1 MB      3.80%
      SRAM_UPPER:        8628 B       192 KB      4.39%
      SRAM_LOWER:          0 GB        64 KB      0.00%
        FLEX_RAM:          0 GB         4 KB      0.00%
Finished building target: 0201_IMU_.axf
 
make --no-print-directory post-build
Performing post-build steps
arm-none-eabi-size "0201_IMU_.axf"; # arm-none-eabi-objcopy -v -O binary "0201_IMU_.axf" "0201_IMU_.bin" ; # checksum -p MK64FN1M0xxx12 -d "0201_IMU_.bin";
   text	   data	    bss	    dec	    hex	filename
  39808	     12	   8616	  48436	   bd34	0201_IMU_.axf
 
22:37:31 **** Incremental Build of configuration Debug for project 0201_IMU_ ****
make -r -j4 all 
make: Nothing to be done for `all'.
22:39:45 **** Incremental Build of configuration Debug for project 0201_IMU_ ****
make -r -j4 all 
Building file: ../source/0201_IMU_.c
Invoking: MCU C Compiler
arm-none-eabi-gcc -D__REDLIB__ -DPRINTF_FLOAT_ENABLE=0 -D__USE_CMSIS -DCR_INTEGER_PRINTF -DSDK_DEBUGCONSOLE=1 -D__MCUXPRESSO -DDEBUG -DSDK_OS_BAREMETAL -DFSL_RTOS_BM -DCPU_MK64FN1M0VLL12 -DCPU_MK64FN1M0VLL12_cm4 -I"C:\SEBMII\0201_IMU_\board" -I"C:\SEBMII\0201_IMU_\source" -I"C:\SEBMII\0201_IMU_" -I"C:\SEBMII\0201_IMU_\drivers" -I"C:\SEBMII\0201_IMU_\CMSIS" -I"C:\SEBMII\0201_IMU_\utilities" -I"C:\SEBMII\0201_IMU_\startup" -O0 -fno-common -g3 -Wall -c -fmessage-length=0 -mcpu=cortex-m4 -mfpu=fpv4-sp-d16 -mfloat-abi=hard -mthumb -D__REDLIB__ -specs=redlib.specs -MMD -MP -MF"source/0201_IMU_.d" -MT"source/0201_IMU_.o" -MT"source/0201_IMU_.d" -o "source/0201_IMU_.o" "../source/0201_IMU_.c"
Finished building: ../source/0201_IMU_.c
 
Building target: 0201_IMU_.axf
Invoking: MCU Linker
arm-none-eabi-gcc -nostdlib -Xlinker -print-memory-usage -Xlinker --gc-sections -Xlinker -Map="0201_IMU_.map" -mcpu=cortex-m4 -mfpu=fpv4-sp-d16 -mfloat-abi=hard -mthumb -T 0201_IMU_Debug.ld -o "0201_IMU_.axf"  ./utilities/fsl_debug_console.o ./utilities/fsl_io.o ./utilities/fsl_log.o ./utilities/fsl_str.o  ./startup/startup_mk64f12.o  ./source/0201_IMU_.o ./source/semihost_hardfault.o  ./drivers/fsl_clock.o ./drivers/fsl_common.o ./drivers/fsl_flash.o ./drivers/fsl_gpio.o ./drivers/fsl_i2c.o ./drivers/fsl_pit.o ./drivers/fsl_smc.o ./drivers/fsl_uart.o  ./board/board.o ./board/clock_config.o ./board/peripherals.o ./board/pin_mux.o  ./CMSIS/system_MK64F12.o   
Memory region         Used Size  Region Size  %age Used
   PROGRAM_FLASH:       39820 B         1 MB      3.80%
      SRAM_UPPER:        8628 B       192 KB      4.39%
      SRAM_LOWER:          0 GB        64 KB      0.00%
        FLEX_RAM:          0 GB         4 KB      0.00%
Finished building target: 0201_IMU_.axf
 
make --no-print-directory post-build
Performing post-build steps
arm-none-eabi-size "0201_IMU_.axf"; # arm-none-eabi-objcopy -v -O binary "0201_IMU_.axf" "0201_IMU_.bin" ; # checksum -p MK64FN1M0xxx12 -d "0201_IMU_.bin";
   text	   data	    bss	    dec	    hex	filename
  39808	     12	   8616	  48436	   bd34	0201_IMU_.axf
 
22:39:50 **** Incremental Build of configuration Debug for project 0201_IMU_ ****
make -r -j4 all 
make: Nothing to be done for `all'.
